

================================================================
== Vitis HLS Report for 'gemm_fp32'
================================================================
* Date:           Thu Oct  8 23:14:00 2026

* Version:        2024.1 (Build 5069499 on May 21 2024)
* Project:        out.prj
* Solution:       solution1 (Vivado IP Flow Target)
* Product family: zynq
* Target device:  xc7z020-clg400-1


================================================================
== Performance Estimates
================================================================
+ Timing: 
    * Summary: 
    +--------+----------+----------+------------+
    |  Clock |  Target  | Estimated| Uncertainty|
    +--------+----------+----------+------------+
    |ap_clk  |  10.00 ns|  7.256 ns|     2.70 ns|
    +--------+----------+----------+------------+

+ Latency: 
    * Summary: 
    +---------+---------+----------+----------+-----+-----+---------+
    |  Latency (cycles) |  Latency (absolute) |  Interval | Pipeline|
    |   min   |   max   |    min   |    max   | min | max |   Type  |
    +---------+---------+----------+----------+-----+-----+---------+
    |      909|      909|  9.090 us|  9.090 us|  910|  910|       no|
    +---------+---------+----------+----------+-----+-----+---------+

    + Detail: 
        * Instance: 
        +-----------------------------------------------+------------------------------------+---------+---------+----------+----------+-----+-----+-----------------------------------------------+
        |                                               |                                    |  Latency (cycles) |  Latency (absolute) |  Interval |                    Pipeline                   |
        |                    Instance                   |               Module               |   min   |   max   |    min   |    max   | min | max |                      Type                     |
        +-----------------------------------------------+------------------------------------+---------+---------+----------+----------+-----+-----+-----------------------------------------------+
        |grp_gemm_fp32_Pipeline_l_j_init_fu_338         |gemm_fp32_Pipeline_l_j_init         |       10|       10|  0.100 us|  0.100 us|    9|    9|  loop auto-rewind stp(delay=0 clock cycles(s))|
        |grp_gemm_fp32_Pipeline_l_outputs_u_l_v_fu_343  |gemm_fp32_Pipeline_l_outputs_u_l_v  |       75|       75|  0.750 us|  0.750 us|   65|   65|  loop auto-rewind stp(delay=0 clock cycles(s))|
        |grp_gemm_fp32_Pipeline_l_S_k_0_k_l_j_fu_416    |gemm_fp32_Pipeline_l_S_k_0_k_l_j    |       78|       78|  0.780 us|  0.780 us|   65|   65|  loop auto-rewind stp(delay=0 clock cycles(s))|
        |grp_gemm_fp32_Pipeline_l_j_back_fu_426         |gemm_fp32_Pipeline_l_j_back         |       10|       10|  0.100 us|  0.100 us|    9|    9|  loop auto-rewind stp(delay=0 clock cycles(s))|
        +-----------------------------------------------+------------------------------------+---------+---------+----------+----------+-----+-----+-----------------------------------------------+

        * Loop: 
        +-----------+---------+---------+----------+-----------+-----------+------+----------+
        |           |  Latency (cycles) | Iteration|  Initiation Interval  | Trip |          |
        | Loop Name |   min   |   max   |  Latency |  achieved |   target  | Count| Pipelined|
        +-----------+---------+---------+----------+-----------+-----------+------+----------+
        |- l_mac_i  |      832|      832|       104|          -|          -|     8|        no|
        +-----------+---------+---------+----------+-----------+-----------+------+----------+



================================================================
== Utilization Estimates
================================================================
* Summary: 
+-----------------+---------+-----+--------+-------+-----+
|       Name      | BRAM_18K| DSP |   FF   |  LUT  | URAM|
+-----------------+---------+-----+--------+-------+-----+
|DSP              |        -|    -|       -|      -|    -|
|Expression       |        -|    -|       0|     54|    -|
|FIFO             |        -|    -|       -|      -|    -|
|Instance         |        -|    5|     916|   1640|    -|
|Memory           |        0|    -|      64|      4|    0|
|Multiplexer      |        -|    -|       0|    752|    -|
|Register         |        -|    -|    2076|      -|    -|
+-----------------+---------+-----+--------+-------+-----+
|Total            |        0|    5|    3056|   2450|    0|
+-----------------+---------+-----+--------+-------+-----+
|Available        |      280|  220|  106400|  53200|    0|
+-----------------+---------+-----+--------+-------+-----+
|Utilization (%)  |        0|    2|       2|      4|    0|
+-----------------+---------+-----+--------+-------+-----+

+ Detail: 
    * Instance: 
    +-----------------------------------------------+------------------------------------+---------+----+-----+-----+-----+
    |                    Instance                   |               Module               | BRAM_18K| DSP|  FF | LUT | URAM|
    +-----------------------------------------------+------------------------------------+---------+----+-----+-----+-----+
    |fadd_32ns_32ns_32_5_full_dsp_1_U154            |fadd_32ns_32ns_32_5_full_dsp_1      |        0|   2|  205|  390|    0|
    |grp_gemm_fp32_Pipeline_l_S_k_0_k_l_j_fu_416    |gemm_fp32_Pipeline_l_S_k_0_k_l_j    |        0|   3|  419|  513|    0|
    |grp_gemm_fp32_Pipeline_l_j_back_fu_426         |gemm_fp32_Pipeline_l_j_back         |        0|   0|   10|   64|    0|
    |grp_gemm_fp32_Pipeline_l_j_init_fu_338         |gemm_fp32_Pipeline_l_j_init         |        0|   0|    6|   53|    0|
    |grp_gemm_fp32_Pipeline_l_outputs_u_l_v_fu_343  |gemm_fp32_Pipeline_l_outputs_u_l_v  |        0|   0|  276|  620|    0|
    +-----------------------------------------------+------------------------------------+---------+----+-----+-----+-----+
    |Total                                          |                                    |        0|   5|  916| 1640|    0|
    +-----------------------------------------------+------------------------------------+---------+----+-----+-----+-----+

    * DSP: 
    N/A

    * Memory: 
    +-------+------------------+---------+----+----+-----+------+-----+------+-------------+
    | Memory|      Module      | BRAM_18K| FF | LUT| URAM| Words| Bits| Banks| W*Bits*Banks|
    +-------+------------------+---------+----+----+-----+------+-----+------+-------------+
    |v9_U   |v9_RAM_AUTO_1R1W  |        0|  64|   4|    0|     8|   32|     1|          256|
    +-------+------------------+---------+----+----+-----+------+-----+------+-------------+
    |Total  |                  |        0|  64|   4|    0|     8|   32|     1|          256|
    +-------+------------------+---------+----+----+-----+------+-----+------+-------------+

    * FIFO: 
    N/A

    * Expression: 
    +---------------------+----------+----+---+----+------------+------------+
    |    Variable Name    | Operation| DSP| FF| LUT| Bitwidth P0| Bitwidth P1|
    +---------------------+----------+----+---+----+------------+------------+
    |add_ln44_fu_831_p2   |         +|   0|  0|  13|           4|           1|
    |empty_fu_1116_p2     |      icmp|   0|  0|  13|           4|           3|
    |icmp_ln44_fu_825_p2  |      icmp|   0|  0|  13|           4|           5|
    |v26_fu_1098_p2       |      icmp|   0|  0|  15|           8|           1|
    +---------------------+----------+----+---+----+------------+------------+
    |Total                |          |   0|  0|  54|          20|          10|
    +---------------------+----------+----+---+----+------------+------------+

    * Multiplexer: 
    +-------------------------+----+-----------+-----+-----------+
    |           Name          | LUT| Input Size| Bits| Total Bits|
    +-------------------------+----+-----------+-----+-----------+
    |ap_NS_fsm                |  48|          9|    1|          9|
    |grp_fu_1930_ce           |  14|          3|    1|          3|
    |grp_fu_1930_p0           |  14|          3|   32|         96|
    |grp_fu_1930_p1           |  14|          3|   32|         96|
    |i_fu_68                  |   9|          2|    4|          8|
    |mux_case_0166314_fu_104  |   9|          2|   32|         64|
    |mux_case_0175394_fu_136  |   9|          2|   32|         64|
    |mux_case_0184474_fu_168  |   9|          2|   32|         64|
    |mux_case_0193554_fu_200  |   9|          2|   32|         64|
    |mux_case_0202634_fu_232  |   9|          2|   32|         64|
    |mux_case_0211714_fu_264  |   9|          2|   32|         64|
    |mux_case_0220794_fu_296  |   9|          2|   32|         64|
    |mux_case_0231_fu_72      |   9|          2|   32|         64|
    |mux_case_1167324_fu_108  |   9|          2|   32|         64|
    |mux_case_1176404_fu_140  |   9|          2|   32|         64|
    |mux_case_1185484_fu_172  |   9|          2|   32|         64|
    |mux_case_1194564_fu_204  |   9|          2|   32|         64|
    |mux_case_1203644_fu_236  |   9|          2|   32|         64|
    |mux_case_1212724_fu_268  |   9|          2|   32|         64|
    |mux_case_1221804_fu_300  |   9|          2|   32|         64|
    |mux_case_1241_fu_76      |   9|          2|   32|         64|
    |mux_case_2168334_fu_112  |   9|          2|   32|         64|
    |mux_case_2177414_fu_144  |   9|          2|   32|         64|
    |mux_case_2186494_fu_176  |   9|          2|   32|         64|
    |mux_case_2195574_fu_208  |   9|          2|   32|         64|
    |mux_case_2204654_fu_240  |   9|          2|   32|         64|
    |mux_case_2213734_fu_272  |   9|          2|   32|         64|
    |mux_case_2222814_fu_304  |   9|          2|   32|         64|
    |mux_case_2251_fu_80      |   9|          2|   32|         64|
    |mux_case_3169344_fu_116  |   9|          2|   32|         64|
    |mux_case_3178424_fu_148  |   9|          2|   32|         64|
    |mux_case_3187504_fu_180  |   9|          2|   32|         64|
    |mux_case_3196584_fu_212  |   9|          2|   32|         64|
    |mux_case_3205664_fu_244  |   9|          2|   32|         64|
    |mux_case_3214744_fu_276  |   9|          2|   32|         64|
    |mux_case_3223824_fu_308  |   9|          2|   32|         64|
    |mux_case_3261_fu_84      |   9|          2|   32|         64|
    |mux_case_4170354_fu_120  |   9|          2|   32|         64|
    |mux_case_4179434_fu_152  |   9|          2|   32|         64|
    |mux_case_4188514_fu_184  |   9|          2|   32|         64|
    |mux_case_4197594_fu_216  |   9|          2|   32|         64|
    |mux_case_4206674_fu_248  |   9|          2|   32|         64|
    |mux_case_4215754_fu_280  |   9|          2|   32|         64|
    |mux_case_4224834_fu_312  |   9|          2|   32|         64|
    |mux_case_4271_fu_88      |   9|          2|   32|         64|
    |mux_case_5171364_fu_124  |   9|          2|   32|         64|
    |mux_case_5180444_fu_156  |   9|          2|   32|         64|
    |mux_case_5189524_fu_188  |   9|          2|   32|         64|
    |mux_case_5198604_fu_220  |   9|          2|   32|         64|
    |mux_case_5207684_fu_252  |   9|          2|   32|         64|
    |mux_case_5216764_fu_284  |   9|          2|   32|         64|
    |mux_case_5225844_fu_316  |   9|          2|   32|         64|
    |mux_case_5281_fu_92      |   9|          2|   32|         64|
    |mux_case_6172374_fu_128  |   9|          2|   32|         64|
    |mux_case_6181454_fu_160  |   9|          2|   32|         64|
    |mux_case_6190534_fu_192  |   9|          2|   32|         64|
    |mux_case_6199614_fu_224  |   9|          2|   32|         64|
    |mux_case_6208694_fu_256  |   9|          2|   32|         64|
    |mux_case_6217774_fu_288  |   9|          2|   32|         64|
    |mux_case_6226854_fu_320  |   9|          2|   32|         64|
    |mux_case_6291_fu_96      |   9|          2|   32|         64|
    |mux_case_7173384_fu_132  |   9|          2|   32|         64|
    |mux_case_7182464_fu_164  |   9|          2|   32|         64|
    |mux_case_7191544_fu_196  |   9|          2|   32|         64|
    |mux_case_7200624_fu_228  |   9|          2|   32|         64|
    |mux_case_7209704_fu_260  |   9|          2|   32|         64|
    |mux_case_7218784_fu_292  |   9|          2|   32|         64|
    |mux_case_7227864_fu_324  |   9|          2|   32|         64|
    |mux_case_7301_fu_100     |   9|          2|   32|         64|
    |v9_address0              |  20|          4|    3|         12|
    |v9_ce0                   |  20|          4|    1|          4|
    |v9_ce1                   |   9|          2|    1|          2|
    |v9_d0                    |  14|          3|   32|         96|
    |v9_we0                   |  14|          3|    1|          3|
    +-------------------------+----+-----------+-----+-----------+
    |Total                    | 752|        164| 2156|       4425|
    +-------------------------+----+-----------+-----+-----------+

    * Register: 
    +------------------------------------------------------------+----+----+-----+-----------+
    |                            Name                            | FF | LUT| Bits| Const Bits|
    +------------------------------------------------------------+----+----+-----+-----------+
    |ap_CS_fsm                                                   |   8|   0|    8|          0|
    |empty_reg_1925                                              |   1|   0|    1|          0|
    |grp_gemm_fp32_Pipeline_l_S_k_0_k_l_j_fu_416_ap_start_reg    |   1|   0|    1|          0|
    |grp_gemm_fp32_Pipeline_l_j_back_fu_426_ap_start_reg         |   1|   0|    1|          0|
    |grp_gemm_fp32_Pipeline_l_j_init_fu_338_ap_start_reg         |   1|   0|    1|          0|
    |grp_gemm_fp32_Pipeline_l_outputs_u_l_v_fu_343_ap_start_reg  |   1|   0|    1|          0|
    |i_1_reg_1581                                                |   4|   0|    4|          0|
    |i_fu_68                                                     |   4|   0|    4|          0|
    |mux_case_0166314_fu_104                                     |  32|   0|   32|          0|
    |mux_case_0175394_fu_136                                     |  32|   0|   32|          0|
    |mux_case_0184474_fu_168                                     |  32|   0|   32|          0|
    |mux_case_0193554_fu_200                                     |  32|   0|   32|          0|
    |mux_case_0202634_fu_232                                     |  32|   0|   32|          0|
    |mux_case_0211714_fu_264                                     |  32|   0|   32|          0|
    |mux_case_0220794_fu_296                                     |  32|   0|   32|          0|
    |mux_case_0231_fu_72                                         |  32|   0|   32|          0|
    |mux_case_1167324_fu_108                                     |  32|   0|   32|          0|
    |mux_case_1176404_fu_140                                     |  32|   0|   32|          0|
    |mux_case_1185484_fu_172                                     |  32|   0|   32|          0|
    |mux_case_1194564_fu_204                                     |  32|   0|   32|          0|
    |mux_case_1203644_fu_236                                     |  32|   0|   32|          0|
    |mux_case_1212724_fu_268                                     |  32|   0|   32|          0|
    |mux_case_1221804_fu_300                                     |  32|   0|   32|          0|
    |mux_case_1241_fu_76                                         |  32|   0|   32|          0|
    |mux_case_2168334_fu_112                                     |  32|   0|   32|          0|
    |mux_case_2177414_fu_144                                     |  32|   0|   32|          0|
    |mux_case_2186494_fu_176                                     |  32|   0|   32|          0|
    |mux_case_2195574_fu_208                                     |  32|   0|   32|          0|
    |mux_case_2204654_fu_240                                     |  32|   0|   32|          0|
    |mux_case_2213734_fu_272                                     |  32|   0|   32|          0|
    |mux_case_2222814_fu_304                                     |  32|   0|   32|          0|
    |mux_case_2251_fu_80                                         |  32|   0|   32|          0|
    |mux_case_3169344_fu_116                                     |  32|   0|   32|          0|
    |mux_case_3178424_fu_148                                     |  32|   0|   32|          0|
    |mux_case_3187504_fu_180                                     |  32|   0|   32|          0|
    |mux_case_3196584_fu_212                                     |  32|   0|   32|          0|
    |mux_case_3205664_fu_244                                     |  32|   0|   32|          0|
    |mux_case_3214744_fu_276                                     |  32|   0|   32|          0|
    |mux_case_3223824_fu_308                                     |  32|   0|   32|          0|
    |mux_case_3261_fu_84                                         |  32|   0|   32|          0|
    |mux_case_4170354_fu_120                                     |  32|   0|   32|          0|
    |mux_case_4179434_fu_152                                     |  32|   0|   32|          0|
    |mux_case_4188514_fu_184                                     |  32|   0|   32|          0|
    |mux_case_4197594_fu_216                                     |  32|   0|   32|          0|
    |mux_case_4206674_fu_248                                     |  32|   0|   32|          0|
    |mux_case_4215754_fu_280                                     |  32|   0|   32|          0|
    |mux_case_4224834_fu_312                                     |  32|   0|   32|          0|
    |mux_case_4271_fu_88                                         |  32|   0|   32|          0|
    |mux_case_5171364_fu_124                                     |  32|   0|   32|          0|
    |mux_case_5180444_fu_156                                     |  32|   0|   32|          0|
    |mux_case_5189524_fu_188                                     |  32|   0|   32|          0|
    |mux_case_5198604_fu_220                                     |  32|   0|   32|          0|
    |mux_case_5207684_fu_252                                     |  32|   0|   32|          0|
    |mux_case_5216764_fu_284                                     |  32|   0|   32|          0|
    |mux_case_5225844_fu_316                                     |  32|   0|   32|          0|
    |mux_case_5281_fu_92                                         |  32|   0|   32|          0|
    |mux_case_6172374_fu_128                                     |  32|   0|   32|          0|
    |mux_case_6181454_fu_160                                     |  32|   0|   32|          0|
    |mux_case_6190534_fu_192                                     |  32|   0|   32|          0|
    |mux_case_6199614_fu_224                                     |  32|   0|   32|          0|
    |mux_case_6208694_fu_256                                     |  32|   0|   32|          0|
    |mux_case_6217774_fu_288                                     |  32|   0|   32|          0|
    |mux_case_6226854_fu_320                                     |  32|   0|   32|          0|
    |mux_case_6291_fu_96                                         |  32|   0|   32|          0|
    |mux_case_7173384_fu_132                                     |  32|   0|   32|          0|
    |mux_case_7182464_fu_164                                     |  32|   0|   32|          0|
    |mux_case_7191544_fu_196                                     |  32|   0|   32|          0|
    |mux_case_7200624_fu_228                                     |  32|   0|   32|          0|
    |mux_case_7209704_fu_260                                     |  32|   0|   32|          0|
    |mux_case_7218784_fu_292                                     |  32|   0|   32|          0|
    |mux_case_7227864_fu_324                                     |  32|   0|   32|          0|
    |mux_case_7301_fu_100                                        |  32|   0|   32|          0|
    |tmp_s_reg_1920                                              |   3|   0|    6|          3|
    |trunc_ln44_reg_1915                                         |   3|   0|    3|          0|
    |v26_reg_1910                                                |   1|   0|    1|          0|
    +------------------------------------------------------------+----+----+-----+-----------+
    |Total                                                       |2076|   0| 2079|          3|
    +------------------------------------------------------------+----+----+-----+-----------+



================================================================
== Interface
================================================================
* Summary: 
+-------------+-----+-----+------------+--------------+--------------+
|  RTL Ports  | Dir | Bits|  Protocol  | Source Object|    C Type    |
+-------------+-----+-----+------------+--------------+--------------+
|ap_clk       |   in|    1|  ap_ctrl_hs|     gemm_fp32|  return value|
|ap_rst       |   in|    1|  ap_ctrl_hs|     gemm_fp32|  return value|
|ap_start     |   in|    1|  ap_ctrl_hs|     gemm_fp32|  return value|
|ap_done      |  out|    1|  ap_ctrl_hs|     gemm_fp32|  return value|
|ap_idle      |  out|    1|  ap_ctrl_hs|     gemm_fp32|  return value|
|ap_ready     |  out|    1|  ap_ctrl_hs|     gemm_fp32|  return value|
|A_address0   |  out|    6|   ap_memory|             A|         array|
|A_ce0        |  out|    1|   ap_memory|             A|         array|
|A_q0         |   in|   32|   ap_memory|             A|         array|
|BT_address0  |  out|    6|   ap_memory|            BT|         array|
|BT_ce0       |  out|    1|   ap_memory|            BT|         array|
|BT_q0        |   in|   32|   ap_memory|            BT|         array|
|C_address0   |  out|    6|   ap_memory|             C|         array|
|C_ce0        |  out|    1|   ap_memory|             C|         array|
|C_q0         |   in|   32|   ap_memory|             C|         array|
|use_c        |   in|    8|     ap_none|         use_c|        scalar|
|D_address0   |  out|    6|   ap_memory|             D|         array|
|D_ce0        |  out|    1|   ap_memory|             D|         array|
|D_we0        |  out|    1|   ap_memory|             D|         array|
|D_d0         |  out|   32|   ap_memory|             D|         array|
+-------------+-----+-----+------------+--------------+--------------+

