

================================================================
== Vitis HLS Report for 'gemm_fp32'
================================================================
* Date:           Thu Oct  8 22:30:42 2026

* Version:        2024.1 (Build 5069499 on May 21 2024)
* Project:        out.prj
* Solution:       solution1 (Vivado IP Flow Target)
* Product family: zynq
* Target device:  xc7z020-clg400-1


================================================================
== Performance Estimates
================================================================
+ Timing: 
    * Summary: 
    +--------+----------+----------+------------+
    |  Clock |  Target  | Estimated| Uncertainty|
    +--------+----------+----------+------------+
    |ap_clk  |  10.00 ns|  7.256 ns|     2.70 ns|
    +--------+----------+----------+------------+

+ Latency: 
    * Summary: 
    +---------+---------+-----------+-----------+------+------+---------+
    |  Latency (cycles) |   Latency (absolute)  |   Interval  | Pipeline|
    |   min   |   max   |    min    |    max    |  min |  max |   Type  |
    +---------+---------+-----------+-----------+------+------+---------+
    |     6289|     6289|  62.890 us|  62.890 us|  6290|  6290|       no|
    +---------+---------+-----------+-----------+------+------+---------+

    + Detail: 
        * Instance: 
        N/A

        * Loop: 
        +----------------+---------+---------+----------+-----------+-----------+------+----------+
        |                |  Latency (cycles) | Iteration|  Initiation Interval  | Trip |          |
        |    Loop Name   |   min   |   max   |  Latency |  achieved |   target  | Count| Pipelined|
        +----------------+---------+---------+----------+-----------+-----------+------+----------+
        |- l_outputs_i   |     6288|     6288|       786|          -|          -|     8|        no|
        | + l_j          |      784|      784|        98|          -|          -|     8|        no|
        |  ++ l_S_k_0_k  |       88|       88|        11|          -|          -|     8|        no|
        +----------------+---------+---------+----------+-----------+-----------+------+----------+



================================================================
== Utilization Estimates
================================================================
* Summary: 
+-----------------+---------+-----+--------+-------+-----+
|       Name      | BRAM_18K| DSP |   FF   |  LUT  | URAM|
+-----------------+---------+-----+--------+-------+-----+
|DSP              |        -|    -|       -|      -|    -|
|Expression       |        -|    -|       0|    167|    -|
|FIFO             |        -|    -|       -|      -|    -|
|Instance         |        -|    5|     348|    711|    -|
|Memory           |        -|    -|       -|      -|    -|
|Multiplexer      |        -|    -|       0|    163|    -|
|Register         |        -|    -|     255|      -|    -|
+-----------------+---------+-----+--------+-------+-----+
|Total            |        0|    5|     603|   1041|    0|
+-----------------+---------+-----+--------+-------+-----+
|Available        |      280|  220|  106400|  53200|    0|
+-----------------+---------+-----+--------+-------+-----+
|Utilization (%)  |        0|    2|      ~0|      1|    0|
+-----------------+---------+-----+--------+-------+-----+

+ Detail: 
    * Instance: 
    +-----------------------------------+--------------------------------+---------+----+-----+-----+-----+
    |              Instance             |             Module             | BRAM_18K| DSP|  FF | LUT | URAM|
    +-----------------------------------+--------------------------------+---------+----+-----+-----+-----+
    |fadd_32ns_32ns_32_5_full_dsp_1_U1  |fadd_32ns_32ns_32_5_full_dsp_1  |        0|   2|  205|  390|    0|
    |fmul_32ns_32ns_32_4_max_dsp_1_U2   |fmul_32ns_32ns_32_4_max_dsp_1   |        0|   3|  143|  321|    0|
    +-----------------------------------+--------------------------------+---------+----+-----+-----+-----+
    |Total                              |                                |        0|   5|  348|  711|    0|
    +-----------------------------------+--------------------------------+---------+----+-----+-----+-----+

    * DSP: 
    N/A

    * Memory: 
    N/A

    * FIFO: 
    N/A

    * Expression: 
    +---------------------+----------+----+---+----+------------+------------+
    |    Variable Name    | Operation| DSP| FF| LUT| Bitwidth P0| Bitwidth P1|
    +---------------------+----------+----+---+----+------------+------------+
    |add_ln35_fu_187_p2   |         +|   0|  0|  13|           4|           1|
    |add_ln36_fu_211_p2   |         +|   0|  0|  13|           4|           1|
    |add_ln39_fu_243_p2   |         +|   0|  0|  13|           4|           1|
    |add_ln40_fu_253_p2   |         +|   0|  0|  14|           6|           6|
    |add_ln41_fu_263_p2   |         +|   0|  0|  14|           6|           6|
    |add_ln61_fu_273_p2   |         +|   0|  0|  14|           6|           6|
    |icmp_ln35_fu_181_p2  |      icmp|   0|  0|  13|           4|           5|
    |icmp_ln36_fu_205_p2  |      icmp|   0|  0|  13|           4|           5|
    |icmp_ln39_fu_237_p2  |      icmp|   0|  0|  13|           4|           5|
    |v18_fu_167_p2        |      icmp|   0|  0|  15|           8|           1|
    |initial_fu_294_p3    |    select|   0|  0|  32|           1|           1|
    +---------------------+----------+----+---+----+------------+------------+
    |Total                |          |   0|  0| 167|          51|          38|
    +---------------------+----------+----+---+----+------------+------------+

    * Multiplexer: 
    +---------------+-----+-----------+-----+-----------+
    |      Name     | LUT | Input Size| Bits| Total Bits|
    +---------------+-----+-----------+-----+-----------+
    |acc_1_reg_146  |    9|          2|   32|         64|
    |ap_NS_fsm      |  113|         23|    1|         23|
    |grp_fu_158_p1  |   14|          3|   32|         96|
    |i_fu_62        |    9|          2|    4|          8|
    |j_reg_124      |    9|          2|    4|          8|
    |k_reg_135      |    9|          2|    4|          8|
    +---------------+-----+-----------+-----+-----------+
    |Total          |  163|         34|   77|        207|
    +---------------+-----+-----------+-----+-----------+

    * Register: 
    +-------------------+----+----+-----+-----------+
    |        Name       | FF | LUT| Bits| Const Bits|
    +-------------------+----+----+-----+-----------+
    |A_load_reg_377     |  32|   0|   32|          0|
    |BT_load_reg_382    |  32|   0|   32|          0|
    |acc_1_reg_146      |  32|   0|   32|          0|
    |add_ln35_reg_320   |   4|   0|    4|          0|
    |add_ln36_reg_334   |   4|   0|    4|          0|
    |add_ln39_reg_352   |   4|   0|    4|          0|
    |ap_CS_fsm          |  22|   0|   22|          0|
    |i_fu_62            |   4|   0|    4|          0|
    |initial_reg_407    |  32|   0|   32|          0|
    |j_reg_124          |   4|   0|    4|          0|
    |k_reg_135          |   4|   0|    4|          0|
    |tmp_1_reg_325      |   3|   0|    6|          3|
    |tmp_3_reg_344      |   3|   0|    6|          3|
    |v11_reg_397        |  32|   0|   32|          0|
    |v18_reg_312        |   1|   0|    1|          0|
    |v22_reg_412        |  32|   0|   32|          0|
    |zext_ln36_reg_339  |   4|   0|    6|          2|
    |zext_ln55_reg_367  |   6|   0|   64|         58|
    +-------------------+----+----+-----+-----------+
    |Total              | 255|   0|  321|         66|
    +-------------------+----+----+-----+-----------+



================================================================
== Interface
================================================================
* Summary: 
+-------------+-----+-----+------------+--------------+--------------+
|  RTL Ports  | Dir | Bits|  Protocol  | Source Object|    C Type    |
+-------------+-----+-----+------------+--------------+--------------+
|ap_clk       |   in|    1|  ap_ctrl_hs|     gemm_fp32|  return value|
|ap_rst       |   in|    1|  ap_ctrl_hs|     gemm_fp32|  return value|
|ap_start     |   in|    1|  ap_ctrl_hs|     gemm_fp32|  return value|
|ap_done      |  out|    1|  ap_ctrl_hs|     gemm_fp32|  return value|
|ap_idle      |  out|    1|  ap_ctrl_hs|     gemm_fp32|  return value|
|ap_ready     |  out|    1|  ap_ctrl_hs|     gemm_fp32|  return value|
|A_address0   |  out|    6|   ap_memory|             A|         array|
|A_ce0        |  out|    1|   ap_memory|             A|         array|
|A_q0         |   in|   32|   ap_memory|             A|         array|
|BT_address0  |  out|    6|   ap_memory|            BT|         array|
|BT_ce0       |  out|    1|   ap_memory|            BT|         array|
|BT_q0        |   in|   32|   ap_memory|            BT|         array|
|C_address0   |  out|    6|   ap_memory|             C|         array|
|C_ce0        |  out|    1|   ap_memory|             C|         array|
|C_q0         |   in|   32|   ap_memory|             C|         array|
|use_c        |   in|    8|     ap_none|         use_c|        scalar|
|D_address0   |  out|    6|   ap_memory|             D|         array|
|D_ce0        |  out|    1|   ap_memory|             D|         array|
|D_we0        |  out|    1|   ap_memory|             D|         array|
|D_d0         |  out|   32|   ap_memory|             D|         array|
+-------------+-----+-----+------------+--------------+--------------+

