

================================================================
== Vitis HLS Report for 'gemm_fp32'
================================================================
* Date:           Thu Oct  8 23:10:41 2026

* Version:        2024.1 (Build 5069499 on May 21 2024)
* Project:        out.prj
* Solution:       solution1 (Vivado IP Flow Target)
* Product family: zynq
* Target device:  xc7z020-clg400-1


================================================================
== Performance Estimates
================================================================
+ Timing: 
    * Summary: 
    +--------+----------+----------+------------+
    |  Clock |  Target  | Estimated| Uncertainty|
    +--------+----------+----------+------------+
    |ap_clk  |  10.00 ns|  7.256 ns|     2.70 ns|
    +--------+----------+----------+------------+

+ Latency: 
    * Summary: 
    +---------+---------+----------+----------+-----+-----+---------+
    |  Latency (cycles) |  Latency (absolute) |  Interval | Pipeline|
    |   min   |   max   |    min   |    max   | min | max |   Type  |
    +---------+---------+----------+----------+-----+-----+---------+
    |      990|      990|  9.900 us|  9.900 us|  991|  991|       no|
    +---------+---------+----------+----------+-----+-----+---------+

    + Detail: 
        * Instance: 
        +-----------------------------------------------+------------------------------------+---------+---------+----------+----------+-----+-----+-----------------------------------------------+
        |                                               |                                    |  Latency (cycles) |  Latency (absolute) |  Interval |                    Pipeline                   |
        |                    Instance                   |               Module               |   min   |   max   |    min   |    max   | min | max |                      Type                     |
        +-----------------------------------------------+------------------------------------+---------+---------+----------+----------+-----+-----+-----------------------------------------------+
        |grp_gemm_fp32_Pipeline_l_j_init_fu_118         |gemm_fp32_Pipeline_l_j_init         |       10|       10|  0.100 us|  0.100 us|    9|    9|  loop auto-rewind stp(delay=0 clock cycles(s))|
        |grp_gemm_fp32_Pipeline_l_outputs_u_l_v_fu_123  |gemm_fp32_Pipeline_l_outputs_u_l_v  |       75|       75|  0.750 us|  0.750 us|   65|   65|  loop auto-rewind stp(delay=0 clock cycles(s))|
        |grp_gemm_fp32_Pipeline_l_S_k_0_k_l_j_fu_133    |gemm_fp32_Pipeline_l_S_k_0_k_l_j    |       78|       78|  0.780 us|  0.780 us|   65|   65|  loop auto-rewind stp(delay=0 clock cycles(s))|
        |grp_gemm_fp32_Pipeline_l_j_back_fu_143         |gemm_fp32_Pipeline_l_j_back         |       10|       10|  0.100 us|  0.100 us|    9|    9|  loop auto-rewind stp(delay=0 clock cycles(s))|
        +-----------------------------------------------+------------------------------------+---------+---------+----------+----------+-----+-----+-----------------------------------------------+

        * Loop: 
        +--------------------+---------+---------+----------+-----------+-----------+------+----------+
        |                    |  Latency (cycles) | Iteration|  Initiation Interval  | Trip |          |
        |      Loop Name     |   min   |   max   |  Latency |  achieved |   target  | Count| Pipelined|
        +--------------------+---------+---------+----------+-----------+-----------+------+----------+
        |- VITIS_LOOP_36_1   |       80|       80|        10|          -|          -|     8|        no|
        | + VITIS_LOOP_37_2  |        8|        8|         1|          -|          -|     8|        no|
        |- l_mac_i           |      832|      832|       104|          -|          -|     8|        no|
        +--------------------+---------+---------+----------+-----------+-----------+------+----------+



================================================================
== Utilization Estimates
================================================================
* Summary: 
+-----------------+---------+-----+--------+-------+-----+
|       Name      | BRAM_18K| DSP |   FF   |  LUT  | URAM|
+-----------------+---------+-----+--------+-------+-----+
|DSP              |        -|    -|       -|      -|    -|
|Expression       |        -|    -|       0|    107|    -|
|FIFO             |        -|    -|       -|      -|    -|
|Instance         |        -|    5|     849|   1244|    -|
|Memory           |        1|    -|      64|      4|    0|
|Multiplexer      |        -|    -|       0|    251|    -|
|Register         |        -|    -|      40|      -|    -|
+-----------------+---------+-----+--------+-------+-----+
|Total            |        1|    5|     953|   1606|    0|
+-----------------+---------+-----+--------+-------+-----+
|Available        |      280|  220|  106400|  53200|    0|
+-----------------+---------+-----+--------+-------+-----+
|Utilization (%)  |       ~0|    2|      ~0|      3|    0|
+-----------------+---------+-----+--------+-------+-----+

+ Detail: 
    * Instance: 
    +-----------------------------------------------+------------------------------------+---------+----+-----+-----+-----+
    |                    Instance                   |               Module               | BRAM_18K| DSP|  FF | LUT | URAM|
    +-----------------------------------------------+------------------------------------+---------+----+-----+-----+-----+
    |fadd_32ns_32ns_32_5_full_dsp_1_U17             |fadd_32ns_32ns_32_5_full_dsp_1      |        0|   2|  205|  390|    0|
    |grp_gemm_fp32_Pipeline_l_S_k_0_k_l_j_fu_133    |gemm_fp32_Pipeline_l_S_k_0_k_l_j    |        0|   3|  419|  513|    0|
    |grp_gemm_fp32_Pipeline_l_j_back_fu_143         |gemm_fp32_Pipeline_l_j_back         |        0|   0|   11|   78|    0|
    |grp_gemm_fp32_Pipeline_l_j_init_fu_118         |gemm_fp32_Pipeline_l_j_init         |        0|   0|    6|   53|    0|
    |grp_gemm_fp32_Pipeline_l_outputs_u_l_v_fu_123  |gemm_fp32_Pipeline_l_outputs_u_l_v  |        0|   0|  208|  210|    0|
    +-----------------------------------------------+------------------------------------+---------+----+-----+-----+-----+
    |Total                                          |                                    |        0|   5|  849| 1244|    0|
    +-----------------------------------------------+------------------------------------+---------+----+-----+-----+-----+

    * DSP: 
    N/A

    * Memory: 
    +-------+-------------------+---------+----+----+-----+------+-----+------+-------------+
    | Memory|       Module      | BRAM_18K| FF | LUT| URAM| Words| Bits| Banks| W*Bits*Banks|
    +-------+-------------------+---------+----+----+-----+------+-----+------+-------------+
    |acc_U  |acc_RAM_AUTO_1R1W  |        1|   0|   0|    0|    64|   32|     1|         2048|
    |v9_U   |v9_RAM_AUTO_1R1W   |        0|  64|   4|    0|     8|   32|     1|          256|
    +-------+-------------------+---------+----+----+-----+------+-----+------+-------------+
    |Total  |                   |        1|  64|   4|    0|    72|   64|     2|         2304|
    +-------+-------------------+---------+----+----+-----+------+-----+------+-------------+

    * FIFO: 
    N/A

    * Expression: 
    +---------------------+----------+----+---+----+------------+------------+
    |    Variable Name    | Operation| DSP| FF| LUT| Bitwidth P0| Bitwidth P1|
    +---------------------+----------+----+---+----+------------+------------+
    |add_ln36_fu_164_p2   |         +|   0|  0|  13|           4|           1|
    |add_ln37_fu_193_p2   |         +|   0|  0|  13|           4|           1|
    |add_ln38_fu_203_p2   |         +|   0|  0|  14|           6|           6|
    |add_ln41_fu_226_p2   |         +|   0|  0|  13|           4|           1|
    |icmp_ln36_fu_158_p2  |      icmp|   0|  0|  13|           4|           5|
    |icmp_ln37_fu_187_p2  |      icmp|   0|  0|  13|           4|           5|
    |icmp_ln41_fu_220_p2  |      icmp|   0|  0|  13|           4|           5|
    |v26_fu_241_p2        |      icmp|   0|  0|  15|           8|           1|
    +---------------------+----------+----+---+----+------------+------------+
    |Total                |          |   0|  0| 107|          38|          25|
    +---------------------+----------+----+---+----+------------+------------+

    * Multiplexer: 
    +---------------+----+-----------+-----+-----------+
    |      Name     | LUT| Input Size| Bits| Total Bits|
    +---------------+----+-----------+-----+-----------+
    |acc_address0   |  14|          3|    6|         18|
    |acc_ce0        |  14|          3|    1|          3|
    |acc_d0         |   9|          2|   32|         64|
    |acc_we0        |   9|          2|    1|          2|
    |ap_NS_fsm      |  59|         11|    1|         11|
    |grp_fu_314_ce  |  14|          3|    1|          3|
    |grp_fu_314_p0  |  14|          3|   32|         96|
    |grp_fu_314_p1  |  14|          3|   32|         96|
    |i_fu_84        |   9|          2|    4|          8|
    |v6_fu_72       |   9|          2|    4|          8|
    |v7_reg_107     |   9|          2|    4|          8|
    |v9_address0    |  20|          4|    3|         12|
    |v9_ce0         |  20|          4|    1|          4|
    |v9_ce1         |   9|          2|    1|          2|
    |v9_d0          |  14|          3|   32|         96|
    |v9_we0         |  14|          3|    1|          3|
    +---------------+----+-----------+-----+-----------+
    |Total          | 251|         52|  156|        434|
    +---------------+----+-----------+-----+-----------+

    * Register: 
    +------------------------------------------------------------+----+----+-----+-----------+
    |                            Name                            | FF | LUT| Bits| Const Bits|
    +------------------------------------------------------------+----+----+-----+-----------+
    |add_ln36_reg_270                                            |   4|   0|    4|          0|
    |ap_CS_fsm                                                   |  10|   0|   10|          0|
    |grp_gemm_fp32_Pipeline_l_S_k_0_k_l_j_fu_133_ap_start_reg    |   1|   0|    1|          0|
    |grp_gemm_fp32_Pipeline_l_j_back_fu_143_ap_start_reg         |   1|   0|    1|          0|
    |grp_gemm_fp32_Pipeline_l_j_init_fu_118_ap_start_reg         |   1|   0|    1|          0|
    |grp_gemm_fp32_Pipeline_l_outputs_u_l_v_fu_123_ap_start_reg  |   1|   0|    1|          0|
    |i_fu_84                                                     |   4|   0|    4|          0|
    |tmp_1_reg_308                                               |   3|   0|    6|          3|
    |tmp_reg_275                                                 |   3|   0|    6|          3|
    |trunc_ln41_reg_298                                          |   3|   0|    3|          0|
    |v26_reg_303                                                 |   1|   0|    1|          0|
    |v6_fu_72                                                    |   4|   0|    4|          0|
    |v7_reg_107                                                  |   4|   0|    4|          0|
    +------------------------------------------------------------+----+----+-----+-----------+
    |Total                                                       |  40|   0|   46|          6|
    +------------------------------------------------------------+----+----+-----+-----------+



================================================================
== Interface
================================================================
* Summary: 
+-------------+-----+-----+------------+--------------+--------------+
|  RTL Ports  | Dir | Bits|  Protocol  | Source Object|    C Type    |
+-------------+-----+-----+------------+--------------+--------------+
|ap_clk       |   in|    1|  ap_ctrl_hs|     gemm_fp32|  return value|
|ap_rst       |   in|    1|  ap_ctrl_hs|     gemm_fp32|  return value|
|ap_start     |   in|    1|  ap_ctrl_hs|     gemm_fp32|  return value|
|ap_done      |  out|    1|  ap_ctrl_hs|     gemm_fp32|  return value|
|ap_idle      |  out|    1|  ap_ctrl_hs|     gemm_fp32|  return value|
|ap_ready     |  out|    1|  ap_ctrl_hs|     gemm_fp32|  return value|
|A_address0   |  out|    6|   ap_memory|             A|         array|
|A_ce0        |  out|    1|   ap_memory|             A|         array|
|A_q0         |   in|   32|   ap_memory|             A|         array|
|BT_address0  |  out|    6|   ap_memory|            BT|         array|
|BT_ce0       |  out|    1|   ap_memory|            BT|         array|
|BT_q0        |   in|   32|   ap_memory|            BT|         array|
|C_address0   |  out|    6|   ap_memory|             C|         array|
|C_ce0        |  out|    1|   ap_memory|             C|         array|
|C_q0         |   in|   32|   ap_memory|             C|         array|
|use_c        |   in|    8|     ap_none|         use_c|        scalar|
|D_address0   |  out|    6|   ap_memory|             D|         array|
|D_ce0        |  out|    1|   ap_memory|             D|         array|
|D_we0        |  out|    1|   ap_memory|             D|         array|
|D_d0         |  out|   32|   ap_memory|             D|         array|
+-------------+-----+-----+------------+--------------+--------------+

