================================================================
== Design Size Report
================================================================

* Total Instructions per Compilation Phase
+---------------+-----------------------------+--------------+----------------------------------------------------------------------------------------+
| Phase         | Step                        | Instructions | Description                                                                            |
+---------------+-----------------------------+--------------+----------------------------------------------------------------------------------------+
| Compile/Link  |                             | 267          | After all functions are compiled and linked into a single design                       |
|               |                             |              |                                                                                        |
| Unroll/Inline |                             |              | After user unroll and inline pragmas are applied                                       |
|               | (1) unroll                  | 145          | user unroll pragmas are applied                                                        |
|               | (2) simplification          | 131          | simplification of applied user unroll pragmas                                          |
|               | (3) inline                  | 123          | user inline pragmas are applied                                                        |
|               | (4) simplification          | 123          | simplification of applied user inline pragmas                                          |
|               |                             |              |                                                                                        |
| Array/Struct  |                             |              | After user array partition and struct aggregate/disaggregate pragmas are applied       |
|               | (1) array partition         | 578          | user array partition pragmas are applied                                               |
|               | (2) simplification          | 674          | simplification of applied user array partition & struct aggregate/disaggregate pragmas |
|               | (3) aggregate/disaggregate  | 674          | user struct aggregate/disaggregate pragmas are applied                                 |
|               | (4) array reshape           | 674          | apply array reshape pragmas                                                            |
|               | (5) access patterns         | 573          | array access pattern optmizations                                                      |
|               |                             |              |                                                                                        |
| Performance   |                             |              | After transformations are applied to meet performance pragma targets                   |
|               | (1) loop simplification     | 566          | loop and instruction simplification                                                    |
|               | (2) parallelization         | 438          | loops are unrolled or pipelined to meet performance targets                            |
|               | (3) array partition         | 438          | arrays are partitioned to meet performance targets                                     |
|               | (4) simplification          | 438          | simplification of design after performance transformations                             |
|               |                             |              |                                                                                        |
| HW Transforms |                             |              | After hardware transfomations                                                          |
|               | (1) lowering                | 462          | initial conversion to HW specific instructions                                         |
|               | (2) optimizations           | 482          | high level synthesis optimizations                                                     |
+---------------+-----------------------------+--------------+----------------------------------------------------------------------------------------+

* Instructions per Function for each Compilation Phase
+------------------+---------------------+---------------+---------------+--------------+-------------+---------------+
| Function         | Location            | Compile/Link  | Unroll/Inline | Array/Struct | Performance | HW Transforms |
+------------------+---------------------+---------------+---------------+--------------+-------------+---------------+
| + gemm_fp32      | kernel.cpp:22       | 267           | 123           | 573          | 438         | 482           |
|  + hf_mul_f32    | hf_mul_f32.cpp:2    |  33           |               |              |             |               |
|     hf_canonical | hardfloat_model.h:8 |  21           |               |              |             |               |
|  + hf_add_f32    | hf_add_f32.cpp:2    |  66 (2 calls) |               |              |             |               |
|     hf_canonical | hardfloat_model.h:8 |  42 (2 calls) |               |              |             |               |
+------------------+---------------------+---------------+---------------+--------------+-------------+---------------+

* Design Size Message Settings
+---------------------------------------------+--------+------------------------------------------------------------------+
| Message Setting                             | Value  | Description                                                      |
+---------------------------------------------+--------+------------------------------------------------------------------+
| config_compile -design_size_maximum_warning | 100000 | Show a warning when total design instructions exceeds this value |
+---------------------------------------------+--------+------------------------------------------------------------------+


