

================================================================
== Vitis HLS Report for 'gemm_fp32_Pipeline_l_outputs_u_l_v'
================================================================
* Date:           Fri Oct  9 00:19:32 2026

* Version:        2024.1 (Build 5069499 on May 21 2024)
* Project:        out.prj
* Solution:       solution1 (Vivado IP Flow Target)
* Product family: zynq
* Target device:  xc7z020-clg400-1


================================================================
== Performance Estimates
================================================================
+ Timing: 
    * Summary: 
    +--------+----------+----------+------------+
    |  Clock |  Target  | Estimated| Uncertainty|
    +--------+----------+----------+------------+
    |ap_clk  |  10.00 ns|  7.300 ns|     2.70 ns|
    +--------+----------+----------+------------+

+ Latency: 
    * Summary: 
    +---------+---------+----------+----------+-----+-----+-----------------------------------------------+
    |  Latency (cycles) |  Latency (absolute) |  Interval |                    Pipeline                   |
    |   min   |   max   |    min   |    max   | min | max |                      Type                     |
    +---------+---------+----------+----------+-----+-----+-----------------------------------------------+
    |       87|       87|  0.870 us|  0.870 us|   65|   65|  loop auto-rewind stp(delay=0 clock cycles(s))|
    +---------+---------+----------+----------+-----+-----+-----------------------------------------------+

    + Detail: 
        * Instance: 
        +-----------------------+------------+---------+---------+-----------+-----------+-----+-----+----------+
        |                       |            |  Latency (cycles) |   Latency (absolute)  |  Interval | Pipeline |
        |        Instance       |   Module   |   min   |   max   |    min    |    max    | min | max |   Type   |
        +-----------------------+------------+---------+---------+-----------+-----------+-----+-----+----------+
        |grp_hf_add_f32_fu_686  |hf_add_f32  |        3|        3|  30.000 ns|  30.000 ns|    1|    1|  yes(flp)|
        +-----------------------+------------+---------+---------+-----------+-----------+-----+-----+----------+

        * Loop: 
        +-------------------+---------+---------+----------+-----------+-----------+------+----------+
        |                   |  Latency (cycles) | Iteration|  Initiation Interval  | Trip |          |
        |     Loop Name     |   min   |   max   |  Latency |  achieved |   target  | Count| Pipelined|
        +-------------------+---------+---------+----------+-----------+-----------+------+----------+
        |- l_outputs_u_l_v  |       85|       85|        23|          1|          1|    64|       yes|
        +-------------------+---------+---------+----------+-----------+-----------+------+----------+



================================================================
== Utilization Estimates
================================================================
* Summary: 
+-----------------+---------+-----+--------+-------+-----+
|       Name      | BRAM_18K| DSP |   FF   |  LUT  | URAM|
+-----------------+---------+-----+--------+-------+-----+
|DSP              |        -|    -|       -|      -|    -|
|Expression       |        -|    -|       0|    248|    -|
|FIFO             |        -|    -|       -|      -|    -|
|Instance         |        0|    0|       0|    378|    0|
|Memory           |        -|    -|       -|      -|    -|
|Multiplexer      |        -|    -|       0|    117|    -|
|Register         |        -|    -|    1029|     96|    -|
+-----------------+---------+-----+--------+-------+-----+
|Total            |        0|    0|    1029|    839|    0|
+-----------------+---------+-----+--------+-------+-----+
|Available        |      280|  220|  106400|  53200|    0|
+-----------------+---------+-----+--------+-------+-----+
|Utilization (%)  |        0|    0|      ~0|      1|    0|
+-----------------+---------+-----+--------+-------+-----+

+ Detail: 
    * Instance: 
    +---------------------------+-----------------------+---------+----+---+----+-----+
    |          Instance         |         Module        | BRAM_18K| DSP| FF| LUT| URAM|
    +---------------------------+-----------------------+---------+----+---+----+-----+
    |grp_hf_add_f32_fu_686      |hf_add_f32             |        0|   0|  0|   0|    0|
    |sparsemux_17_3_32_1_1_U74  |sparsemux_17_3_32_1_1  |        0|   0|  0|  42|    0|
    |sparsemux_17_3_32_1_1_U75  |sparsemux_17_3_32_1_1  |        0|   0|  0|  42|    0|
    |sparsemux_17_3_32_1_1_U76  |sparsemux_17_3_32_1_1  |        0|   0|  0|  42|    0|
    |sparsemux_17_3_32_1_1_U77  |sparsemux_17_3_32_1_1  |        0|   0|  0|  42|    0|
    |sparsemux_17_3_32_1_1_U78  |sparsemux_17_3_32_1_1  |        0|   0|  0|  42|    0|
    |sparsemux_17_3_32_1_1_U79  |sparsemux_17_3_32_1_1  |        0|   0|  0|  42|    0|
    |sparsemux_17_3_32_1_1_U80  |sparsemux_17_3_32_1_1  |        0|   0|  0|  42|    0|
    |sparsemux_17_3_32_1_1_U81  |sparsemux_17_3_32_1_1  |        0|   0|  0|  42|    0|
    |sparsemux_17_3_32_1_1_U82  |sparsemux_17_3_32_1_1  |        0|   0|  0|  42|    0|
    +---------------------------+-----------------------+---------+----+---+----+-----+
    |Total                      |                       |        0|   0|  0| 378|    0|
    +---------------------------+-----------------------+---------+----+---+----+-----+

    * DSP: 
    N/A

    * Memory: 
    N/A

    * FIFO: 
    N/A

    * Expression: 
    +-------------------------------------------+----------+----+---+----+------------+------------+
    |               Variable Name               | Operation| DSP| FF| LUT| Bitwidth P0| Bitwidth P1|
    +-------------------------------------------+----------+----+---+----+------------+------------+
    |add_ln70_1_fu_757_p2                       |         +|   0|  0|  13|           4|           1|
    |add_ln70_fu_726_p2                         |         +|   0|  0|  14|           7|           1|
    |add_ln71_fu_779_p2                         |         +|   0|  0|  13|           4|           1|
    |add_ln77_fu_805_p2                         |         +|   0|  0|  14|           6|           6|
    |add_ln78_fu_815_p2                         |         +|   0|  0|  70|          63|          63|
    |add_ln85_fu_1117_p2                        |         +|   0|  0|  70|          63|          63|
    |ap_block_state12_pp0_stage0_iter11         |       and|   0|  0|   2|           1|           1|
    |ap_block_state4_io                         |       and|   0|  0|   2|           1|           1|
    |ap_condition_764                           |       and|   0|  0|   2|           1|           1|
    |ap_predicate_op146_readreq_state4          |       and|   0|  0|   2|           1|           1|
    |ap_predicate_op154_read_state12            |       and|   0|  0|   2|           1|           1|
    |icmp_ln70_fu_720_p2                        |      icmp|   0|  0|  15|           7|           8|
    |icmp_ln71_fu_743_p2                        |      icmp|   0|  0|  13|           4|           5|
    |ap_block_pp0_stage0_01001                  |        or|   0|  0|   2|           1|           1|
    |ap_block_pp0_stage0_11001                  |        or|   0|  0|   2|           1|           1|
    |ap_block_pp0_stage0_11001_ignoreCallOp158  |        or|   0|  0|   2|           1|           1|
    |select_ln70_1_fu_763_p3                    |    select|   0|  0|   4|           1|           4|
    |select_ln70_fu_749_p3                      |    select|   0|  0|   4|           1|           1|
    |ap_enable_pp0                              |       xor|   0|  0|   2|           1|           2|
    +-------------------------------------------+----------+----+---+----+------------+------------+
    |Total                                      |          |   0|  0| 248|         169|         163|
    +-------------------------------------------+----------+----+---+----+------------+------------+

    * Multiplexer: 
    +---------------------------------------+----+-----------+-----+-----------+
    |                  Name                 | LUT| Input Size| Bits| Total Bits|
    +---------------------------------------+----+-----------+-----+-----------+
    |ap_done_int                            |   9|          2|    1|          2|
    |ap_enable_reg_pp0_iter1                |   9|          2|    1|          2|
    |ap_phi_reg_pp0_iter13_initial_reg_674  |   9|          2|   32|         64|
    |ap_phi_reg_pp0_iter1_initial_reg_674   |   9|          2|   32|         64|
    |ap_sig_allocacmp_indvar_flatten8_load  |   9|          2|    7|         14|
    |gmem2_blk_n_AR                         |   9|          2|    1|          2|
    |gmem2_blk_n_R                          |   9|          2|    1|          2|
    |gmem3_blk_n_AW                         |   9|          2|    1|          2|
    |gmem3_blk_n_B                          |   9|          2|    1|          2|
    |gmem3_blk_n_W                          |   9|          2|    1|          2|
    |indvar_flatten8_fu_236                 |   9|          2|    7|         14|
    |u_fu_232                               |   9|          2|    4|          8|
    |v_fu_228                               |   9|          2|    4|          8|
    +---------------------------------------+----+-----------+-----+-----------+
    |Total                                  | 117|         26|   93|        186|
    +---------------------------------------+----+-----------+-----+-----------+

    * Register: 
    +---------------------------------------+----+----+-----+-----------+
    |                  Name                 | FF | LUT| Bits| Const Bits|
    +---------------------------------------+----+----+-----+-----------+
    |ap_CS_fsm                              |   1|   0|    1|          0|
    |ap_done_reg                            |   1|   0|    1|          0|
    |ap_enable_reg_pp0_iter1                |   1|   0|    1|          0|
    |ap_enable_reg_pp0_iter10               |   1|   0|    1|          0|
    |ap_enable_reg_pp0_iter11               |   1|   0|    1|          0|
    |ap_enable_reg_pp0_iter12               |   1|   0|    1|          0|
    |ap_enable_reg_pp0_iter13               |   1|   0|    1|          0|
    |ap_enable_reg_pp0_iter14               |   1|   0|    1|          0|
    |ap_enable_reg_pp0_iter15               |   1|   0|    1|          0|
    |ap_enable_reg_pp0_iter16               |   1|   0|    1|          0|
    |ap_enable_reg_pp0_iter17               |   1|   0|    1|          0|
    |ap_enable_reg_pp0_iter18               |   1|   0|    1|          0|
    |ap_enable_reg_pp0_iter19               |   1|   0|    1|          0|
    |ap_enable_reg_pp0_iter2                |   1|   0|    1|          0|
    |ap_enable_reg_pp0_iter20               |   1|   0|    1|          0|
    |ap_enable_reg_pp0_iter21               |   1|   0|    1|          0|
    |ap_enable_reg_pp0_iter22               |   1|   0|    1|          0|
    |ap_enable_reg_pp0_iter3                |   1|   0|    1|          0|
    |ap_enable_reg_pp0_iter4                |   1|   0|    1|          0|
    |ap_enable_reg_pp0_iter5                |   1|   0|    1|          0|
    |ap_enable_reg_pp0_iter6                |   1|   0|    1|          0|
    |ap_enable_reg_pp0_iter7                |   1|   0|    1|          0|
    |ap_enable_reg_pp0_iter8                |   1|   0|    1|          0|
    |ap_enable_reg_pp0_iter9                |   1|   0|    1|          0|
    |ap_loop_exit_ready_pp0_iter10_reg      |   1|   0|    1|          0|
    |ap_loop_exit_ready_pp0_iter11_reg      |   1|   0|    1|          0|
    |ap_loop_exit_ready_pp0_iter12_reg      |   1|   0|    1|          0|
    |ap_loop_exit_ready_pp0_iter13_reg      |   1|   0|    1|          0|
    |ap_loop_exit_ready_pp0_iter14_reg      |   1|   0|    1|          0|
    |ap_loop_exit_ready_pp0_iter15_reg      |   1|   0|    1|          0|
    |ap_loop_exit_ready_pp0_iter16_reg      |   1|   0|    1|          0|
    |ap_loop_exit_ready_pp0_iter17_reg      |   1|   0|    1|          0|
    |ap_loop_exit_ready_pp0_iter18_reg      |   1|   0|    1|          0|
    |ap_loop_exit_ready_pp0_iter19_reg      |   1|   0|    1|          0|
    |ap_loop_exit_ready_pp0_iter1_reg       |   1|   0|    1|          0|
    |ap_loop_exit_ready_pp0_iter20_reg      |   1|   0|    1|          0|
    |ap_loop_exit_ready_pp0_iter21_reg      |   1|   0|    1|          0|
    |ap_loop_exit_ready_pp0_iter2_reg       |   1|   0|    1|          0|
    |ap_loop_exit_ready_pp0_iter3_reg       |   1|   0|    1|          0|
    |ap_loop_exit_ready_pp0_iter4_reg       |   1|   0|    1|          0|
    |ap_loop_exit_ready_pp0_iter5_reg       |   1|   0|    1|          0|
    |ap_loop_exit_ready_pp0_iter6_reg       |   1|   0|    1|          0|
    |ap_loop_exit_ready_pp0_iter7_reg       |   1|   0|    1|          0|
    |ap_loop_exit_ready_pp0_iter8_reg       |   1|   0|    1|          0|
    |ap_loop_exit_ready_pp0_iter9_reg       |   1|   0|    1|          0|
    |ap_phi_reg_pp0_iter10_initial_reg_674  |  32|   0|   32|          0|
    |ap_phi_reg_pp0_iter11_initial_reg_674  |  32|   0|   32|          0|
    |ap_phi_reg_pp0_iter12_initial_reg_674  |  32|   0|   32|          0|
    |ap_phi_reg_pp0_iter13_initial_reg_674  |  32|   0|   32|          0|
    |ap_phi_reg_pp0_iter1_initial_reg_674   |  32|   0|   32|          0|
    |ap_phi_reg_pp0_iter2_initial_reg_674   |  32|   0|   32|          0|
    |ap_phi_reg_pp0_iter3_initial_reg_674   |  32|   0|   32|          0|
    |ap_phi_reg_pp0_iter4_initial_reg_674   |  32|   0|   32|          0|
    |ap_phi_reg_pp0_iter5_initial_reg_674   |  32|   0|   32|          0|
    |ap_phi_reg_pp0_iter6_initial_reg_674   |  32|   0|   32|          0|
    |ap_phi_reg_pp0_iter7_initial_reg_674   |  32|   0|   32|          0|
    |ap_phi_reg_pp0_iter8_initial_reg_674   |  32|   0|   32|          0|
    |ap_phi_reg_pp0_iter9_initial_reg_674   |  32|   0|   32|          0|
    |gmem2_addr_reg_1527                    |  64|   0|   64|          0|
    |gmem3_addr_reg_1538                    |  64|   0|   64|          0|
    |icmp_ln70_reg_1500                     |   1|   0|    1|          0|
    |indvar_flatten8_fu_236                 |   7|   0|    7|          0|
    |select_ln70_reg_1504                   |   4|   0|    4|          0|
    |sext_ln70_1_cast_reg_1490              |  63|   0|   63|          0|
    |sext_ln70_cast_reg_1485                |  63|   0|   63|          0|
    |trunc_ln70_reg_1509                    |   3|   0|    3|          0|
    |trunc_ln71_reg_1515                    |   3|   0|    3|          0|
    |u_fu_232                               |   4|   0|    4|          0|
    |v27_reg_1544                           |  32|   0|   32|          0|
    |v28_reg_1533                           |  32|   0|   32|          0|
    |v30_reg_1549                           |  32|   0|   32|          0|
    |v_fu_228                               |   4|   0|    4|          0|
    |gmem3_addr_reg_1538                    |  64|  32|   64|          0|
    |icmp_ln70_reg_1500                     |  64|  32|    1|          0|
    |v28_reg_1533                           |  64|  32|   32|          0|
    +---------------------------------------+----+----+-----+-----------+
    |Total                                  |1029|  96|  934|          0|
    +---------------------------------------+----+----+-----+-----------+



================================================================
== Interface
================================================================
* Summary: 
+----------------------+-----+-----+------------+------------------------------------+--------------+
|       RTL Ports      | Dir | Bits|  Protocol  |            Source Object           |    C Type    |
+----------------------+-----+-----+------------+------------------------------------+--------------+
|ap_clk                |   in|    1|  ap_ctrl_hs|  gemm_fp32_Pipeline_l_outputs_u_l_v|  return value|
|ap_rst                |   in|    1|  ap_ctrl_hs|  gemm_fp32_Pipeline_l_outputs_u_l_v|  return value|
|ap_start              |   in|    1|  ap_ctrl_hs|  gemm_fp32_Pipeline_l_outputs_u_l_v|  return value|
|ap_done               |  out|    1|  ap_ctrl_hs|  gemm_fp32_Pipeline_l_outputs_u_l_v|  return value|
|ap_idle               |  out|    1|  ap_ctrl_hs|  gemm_fp32_Pipeline_l_outputs_u_l_v|  return value|
|ap_ready              |  out|    1|  ap_ctrl_hs|  gemm_fp32_Pipeline_l_outputs_u_l_v|  return value|
|m_axi_gmem2_AWVALID   |  out|    1|       m_axi|                               gmem2|       pointer|
|m_axi_gmem2_AWREADY   |   in|    1|       m_axi|                               gmem2|       pointer|
|m_axi_gmem2_AWADDR    |  out|   64|       m_axi|                               gmem2|       pointer|
|m_axi_gmem2_AWID      |  out|    1|       m_axi|                               gmem2|       pointer|
|m_axi_gmem2_AWLEN     |  out|   32|       m_axi|                               gmem2|       pointer|
|m_axi_gmem2_AWSIZE    |  out|    3|       m_axi|                               gmem2|       pointer|
|m_axi_gmem2_AWBURST   |  out|    2|       m_axi|                               gmem2|       pointer|
|m_axi_gmem2_AWLOCK    |  out|    2|       m_axi|                               gmem2|       pointer|
|m_axi_gmem2_AWCACHE   |  out|    4|       m_axi|                               gmem2|       pointer|
|m_axi_gmem2_AWPROT    |  out|    3|       m_axi|                               gmem2|       pointer|
|m_axi_gmem2_AWQOS     |  out|    4|       m_axi|                               gmem2|       pointer|
|m_axi_gmem2_AWREGION  |  out|    4|       m_axi|                               gmem2|       pointer|
|m_axi_gmem2_AWUSER    |  out|    1|       m_axi|                               gmem2|       pointer|
|m_axi_gmem2_WVALID    |  out|    1|       m_axi|                               gmem2|       pointer|
|m_axi_gmem2_WREADY    |   in|    1|       m_axi|                               gmem2|       pointer|
|m_axi_gmem2_WDATA     |  out|   32|       m_axi|                               gmem2|       pointer|
|m_axi_gmem2_WSTRB     |  out|    4|       m_axi|                               gmem2|       pointer|
|m_axi_gmem2_WLAST     |  out|    1|       m_axi|                               gmem2|       pointer|
|m_axi_gmem2_WID       |  out|    1|       m_axi|                               gmem2|       pointer|
|m_axi_gmem2_WUSER     |  out|    1|       m_axi|                               gmem2|       pointer|
|m_axi_gmem2_ARVALID   |  out|    1|       m_axi|                               gmem2|       pointer|
|m_axi_gmem2_ARREADY   |   in|    1|       m_axi|                               gmem2|       pointer|
|m_axi_gmem2_ARADDR    |  out|   64|       m_axi|                               gmem2|       pointer|
|m_axi_gmem2_ARID      |  out|    1|       m_axi|                               gmem2|       pointer|
|m_axi_gmem2_ARLEN     |  out|   32|       m_axi|                               gmem2|       pointer|
|m_axi_gmem2_ARSIZE    |  out|    3|       m_axi|                               gmem2|       pointer|
|m_axi_gmem2_ARBURST   |  out|    2|       m_axi|                               gmem2|       pointer|
|m_axi_gmem2_ARLOCK    |  out|    2|       m_axi|                               gmem2|       pointer|
|m_axi_gmem2_ARCACHE   |  out|    4|       m_axi|                               gmem2|       pointer|
|m_axi_gmem2_ARPROT    |  out|    3|       m_axi|                               gmem2|       pointer|
|m_axi_gmem2_ARQOS     |  out|    4|       m_axi|                               gmem2|       pointer|
|m_axi_gmem2_ARREGION  |  out|    4|       m_axi|                               gmem2|       pointer|
|m_axi_gmem2_ARUSER    |  out|    1|       m_axi|                               gmem2|       pointer|
|m_axi_gmem2_RVALID    |   in|    1|       m_axi|                               gmem2|       pointer|
|m_axi_gmem2_RREADY    |  out|    1|       m_axi|                               gmem2|       pointer|
|m_axi_gmem2_RDATA     |   in|   32|       m_axi|                               gmem2|       pointer|
|m_axi_gmem2_RLAST     |   in|    1|       m_axi|                               gmem2|       pointer|
|m_axi_gmem2_RID       |   in|    1|       m_axi|                               gmem2|       pointer|
|m_axi_gmem2_RFIFONUM  |   in|    9|       m_axi|                               gmem2|       pointer|
|m_axi_gmem2_RUSER     |   in|    1|       m_axi|                               gmem2|       pointer|
|m_axi_gmem2_RRESP     |   in|    2|       m_axi|                               gmem2|       pointer|
|m_axi_gmem2_BVALID    |   in|    1|       m_axi|                               gmem2|       pointer|
|m_axi_gmem2_BREADY    |  out|    1|       m_axi|                               gmem2|       pointer|
|m_axi_gmem2_BRESP     |   in|    2|       m_axi|                               gmem2|       pointer|
|m_axi_gmem2_BID       |   in|    1|       m_axi|                               gmem2|       pointer|
|m_axi_gmem2_BUSER     |   in|    1|       m_axi|                               gmem2|       pointer|
|m_axi_gmem3_AWVALID   |  out|    1|       m_axi|                               gmem3|       pointer|
|m_axi_gmem3_AWREADY   |   in|    1|       m_axi|                               gmem3|       pointer|
|m_axi_gmem3_AWADDR    |  out|   64|       m_axi|                               gmem3|       pointer|
|m_axi_gmem3_AWID      |  out|    1|       m_axi|                               gmem3|       pointer|
|m_axi_gmem3_AWLEN     |  out|   32|       m_axi|                               gmem3|       pointer|
|m_axi_gmem3_AWSIZE    |  out|    3|       m_axi|                               gmem3|       pointer|
|m_axi_gmem3_AWBURST   |  out|    2|       m_axi|                               gmem3|       pointer|
|m_axi_gmem3_AWLOCK    |  out|    2|       m_axi|                               gmem3|       pointer|
|m_axi_gmem3_AWCACHE   |  out|    4|       m_axi|                               gmem3|       pointer|
|m_axi_gmem3_AWPROT    |  out|    3|       m_axi|                               gmem3|       pointer|
|m_axi_gmem3_AWQOS     |  out|    4|       m_axi|                               gmem3|       pointer|
|m_axi_gmem3_AWREGION  |  out|    4|       m_axi|                               gmem3|       pointer|
|m_axi_gmem3_AWUSER    |  out|    1|       m_axi|                               gmem3|       pointer|
|m_axi_gmem3_WVALID    |  out|    1|       m_axi|                               gmem3|       pointer|
|m_axi_gmem3_WREADY    |   in|    1|       m_axi|                               gmem3|       pointer|
|m_axi_gmem3_WDATA     |  out|   32|       m_axi|                               gmem3|       pointer|
|m_axi_gmem3_WSTRB     |  out|    4|       m_axi|                               gmem3|       pointer|
|m_axi_gmem3_WLAST     |  out|    1|       m_axi|                               gmem3|       pointer|
|m_axi_gmem3_WID       |  out|    1|       m_axi|                               gmem3|       pointer|
|m_axi_gmem3_WUSER     |  out|    1|       m_axi|                               gmem3|       pointer|
|m_axi_gmem3_ARVALID   |  out|    1|       m_axi|                               gmem3|       pointer|
|m_axi_gmem3_ARREADY   |   in|    1|       m_axi|                               gmem3|       pointer|
|m_axi_gmem3_ARADDR    |  out|   64|       m_axi|                               gmem3|       pointer|
|m_axi_gmem3_ARID      |  out|    1|       m_axi|                               gmem3|       pointer|
|m_axi_gmem3_ARLEN     |  out|   32|       m_axi|                               gmem3|       pointer|
|m_axi_gmem3_ARSIZE    |  out|    3|       m_axi|                               gmem3|       pointer|
|m_axi_gmem3_ARBURST   |  out|    2|       m_axi|                               gmem3|       pointer|
|m_axi_gmem3_ARLOCK    |  out|    2|       m_axi|                               gmem3|       pointer|
|m_axi_gmem3_ARCACHE   |  out|    4|       m_axi|                               gmem3|       pointer|
|m_axi_gmem3_ARPROT    |  out|    3|       m_axi|                               gmem3|       pointer|
|m_axi_gmem3_ARQOS     |  out|    4|       m_axi|                               gmem3|       pointer|
|m_axi_gmem3_ARREGION  |  out|    4|       m_axi|                               gmem3|       pointer|
|m_axi_gmem3_ARUSER    |  out|    1|       m_axi|                               gmem3|       pointer|
|m_axi_gmem3_RVALID    |   in|    1|       m_axi|                               gmem3|       pointer|
|m_axi_gmem3_RREADY    |  out|    1|       m_axi|                               gmem3|       pointer|
|m_axi_gmem3_RDATA     |   in|   32|       m_axi|                               gmem3|       pointer|
|m_axi_gmem3_RLAST     |   in|    1|       m_axi|                               gmem3|       pointer|
|m_axi_gmem3_RID       |   in|    1|       m_axi|                               gmem3|       pointer|
|m_axi_gmem3_RFIFONUM  |   in|    9|       m_axi|                               gmem3|       pointer|
|m_axi_gmem3_RUSER     |   in|    1|       m_axi|                               gmem3|       pointer|
|m_axi_gmem3_RRESP     |   in|    2|       m_axi|                               gmem3|       pointer|
|m_axi_gmem3_BVALID    |   in|    1|       m_axi|                               gmem3|       pointer|
|m_axi_gmem3_BREADY    |  out|    1|       m_axi|                               gmem3|       pointer|
|m_axi_gmem3_BRESP     |   in|    2|       m_axi|                               gmem3|       pointer|
|m_axi_gmem3_BID       |   in|    1|       m_axi|                               gmem3|       pointer|
|m_axi_gmem3_BUSER     |   in|    1|       m_axi|                               gmem3|       pointer|
|mux_case_0270         |   in|   32|     ap_none|                       mux_case_0270|        scalar|
|mux_case_1280         |   in|   32|     ap_none|                       mux_case_1280|        scalar|
|mux_case_2290         |   in|   32|     ap_none|                       mux_case_2290|        scalar|
|mux_case_3300         |   in|   32|     ap_none|                       mux_case_3300|        scalar|
|mux_case_4310         |   in|   32|     ap_none|                       mux_case_4310|        scalar|
|mux_case_5320         |   in|   32|     ap_none|                       mux_case_5320|        scalar|
|mux_case_6330         |   in|   32|     ap_none|                       mux_case_6330|        scalar|
|mux_case_7340         |   in|   32|     ap_none|                       mux_case_7340|        scalar|
|mux_case_0205353      |   in|   32|     ap_none|                    mux_case_0205353|        scalar|
|mux_case_1206363      |   in|   32|     ap_none|                    mux_case_1206363|        scalar|
|mux_case_2207373      |   in|   32|     ap_none|                    mux_case_2207373|        scalar|
|mux_case_3208383      |   in|   32|     ap_none|                    mux_case_3208383|        scalar|
|mux_case_4209393      |   in|   32|     ap_none|                    mux_case_4209393|        scalar|
|mux_case_5210403      |   in|   32|     ap_none|                    mux_case_5210403|        scalar|
|mux_case_6211413      |   in|   32|     ap_none|                    mux_case_6211413|        scalar|
|mux_case_7212423      |   in|   32|     ap_none|                    mux_case_7212423|        scalar|
|mux_case_0214433      |   in|   32|     ap_none|                    mux_case_0214433|        scalar|
|mux_case_1215443      |   in|   32|     ap_none|                    mux_case_1215443|        scalar|
|mux_case_2216453      |   in|   32|     ap_none|                    mux_case_2216453|        scalar|
|mux_case_3217463      |   in|   32|     ap_none|                    mux_case_3217463|        scalar|
|mux_case_4218473      |   in|   32|     ap_none|                    mux_case_4218473|        scalar|
|mux_case_5219483      |   in|   32|     ap_none|                    mux_case_5219483|        scalar|
|mux_case_6220493      |   in|   32|     ap_none|                    mux_case_6220493|        scalar|
|mux_case_7221503      |   in|   32|     ap_none|                    mux_case_7221503|        scalar|
|mux_case_0223513      |   in|   32|     ap_none|                    mux_case_0223513|        scalar|
|mux_case_1224523      |   in|   32|     ap_none|                    mux_case_1224523|        scalar|
|mux_case_2225533      |   in|   32|     ap_none|                    mux_case_2225533|        scalar|
|mux_case_3226543      |   in|   32|     ap_none|                    mux_case_3226543|        scalar|
|mux_case_4227553      |   in|   32|     ap_none|                    mux_case_4227553|        scalar|
|mux_case_5228563      |   in|   32|     ap_none|                    mux_case_5228563|        scalar|
|mux_case_6229573      |   in|   32|     ap_none|                    mux_case_6229573|        scalar|
|mux_case_7230583      |   in|   32|     ap_none|                    mux_case_7230583|        scalar|
|mux_case_0232593      |   in|   32|     ap_none|                    mux_case_0232593|        scalar|
|mux_case_1233603      |   in|   32|     ap_none|                    mux_case_1233603|        scalar|
|mux_case_2234613      |   in|   32|     ap_none|                    mux_case_2234613|        scalar|
|mux_case_3235623      |   in|   32|     ap_none|                    mux_case_3235623|        scalar|
|mux_case_4236633      |   in|   32|     ap_none|                    mux_case_4236633|        scalar|
|mux_case_5237643      |   in|   32|     ap_none|                    mux_case_5237643|        scalar|
|mux_case_6238653      |   in|   32|     ap_none|                    mux_case_6238653|        scalar|
|mux_case_7239663      |   in|   32|     ap_none|                    mux_case_7239663|        scalar|
|mux_case_0241673      |   in|   32|     ap_none|                    mux_case_0241673|        scalar|
|mux_case_1242683      |   in|   32|     ap_none|                    mux_case_1242683|        scalar|
|mux_case_2243693      |   in|   32|     ap_none|                    mux_case_2243693|        scalar|
|mux_case_3244703      |   in|   32|     ap_none|                    mux_case_3244703|        scalar|
|mux_case_4245713      |   in|   32|     ap_none|                    mux_case_4245713|        scalar|
|mux_case_5246723      |   in|   32|     ap_none|                    mux_case_5246723|        scalar|
|mux_case_6247733      |   in|   32|     ap_none|                    mux_case_6247733|        scalar|
|mux_case_7248743      |   in|   32|     ap_none|                    mux_case_7248743|        scalar|
|mux_case_0250753      |   in|   32|     ap_none|                    mux_case_0250753|        scalar|
|mux_case_1251763      |   in|   32|     ap_none|                    mux_case_1251763|        scalar|
|mux_case_2252773      |   in|   32|     ap_none|                    mux_case_2252773|        scalar|
|mux_case_3253783      |   in|   32|     ap_none|                    mux_case_3253783|        scalar|
|mux_case_4254793      |   in|   32|     ap_none|                    mux_case_4254793|        scalar|
|mux_case_5255803      |   in|   32|     ap_none|                    mux_case_5255803|        scalar|
|mux_case_6256813      |   in|   32|     ap_none|                    mux_case_6256813|        scalar|
|mux_case_7257823      |   in|   32|     ap_none|                    mux_case_7257823|        scalar|
|mux_case_0259833      |   in|   32|     ap_none|                    mux_case_0259833|        scalar|
|mux_case_1260843      |   in|   32|     ap_none|                    mux_case_1260843|        scalar|
|mux_case_2261853      |   in|   32|     ap_none|                    mux_case_2261853|        scalar|
|mux_case_3262863      |   in|   32|     ap_none|                    mux_case_3262863|        scalar|
|mux_case_4263873      |   in|   32|     ap_none|                    mux_case_4263873|        scalar|
|mux_case_5264883      |   in|   32|     ap_none|                    mux_case_5264883|        scalar|
|mux_case_6265893      |   in|   32|     ap_none|                    mux_case_6265893|        scalar|
|mux_case_7266903      |   in|   32|     ap_none|                    mux_case_7266903|        scalar|
|sext_ln70_1           |   in|   62|     ap_none|                         sext_ln70_1|        scalar|
|v26                   |   in|    1|     ap_none|                                 v26|        scalar|
|sext_ln70             |   in|   62|     ap_none|                           sext_ln70|        scalar|
+----------------------+-----+-----+------------+------------------------------------+--------------+

