

================================================================
== Vitis HLS Report for 'gemm_fp32_Pipeline_l_j_init'
================================================================
* Date:           Fri Oct  9 00:19:31 2026

* Version:        2024.1 (Build 5069499 on May 21 2024)
* Project:        out.prj
* Solution:       solution1 (Vivado IP Flow Target)
* Product family: zynq
* Target device:  xc7z020-clg400-1


================================================================
== Performance Estimates
================================================================
+ Timing: 
    * Summary: 
    +--------+----------+----------+------------+
    |  Clock |  Target  | Estimated| Uncertainty|
    +--------+----------+----------+------------+
    |ap_clk  |  10.00 ns|  5.645 ns|     2.70 ns|
    +--------+----------+----------+------------+

+ Latency: 
    * Summary: 
    +---------+---------+----------+----------+-----+-----+-----------------------------------------------+
    |  Latency (cycles) |  Latency (absolute) |  Interval |                    Pipeline                   |
    |   min   |   max   |    min   |    max   | min | max |                      Type                     |
    +---------+---------+----------+----------+-----+-----+-----------------------------------------------+
    |       10|       10|  0.100 us|  0.100 us|    9|    9|  loop auto-rewind stp(delay=0 clock cycles(s))|
    +---------+---------+----------+----------+-----+-----+-----------------------------------------------+

    + Detail: 
        * Instance: 
        N/A

        * Loop: 
        +------------+---------+---------+----------+-----------+-----------+------+----------+
        |            |  Latency (cycles) | Iteration|  Initiation Interval  | Trip |          |
        |  Loop Name |   min   |   max   |  Latency |  achieved |   target  | Count| Pipelined|
        +------------+---------+---------+----------+-----------+-----------+------+----------+
        |- l_j_init  |        8|        8|         1|          1|          1|     8|       yes|
        +------------+---------+---------+----------+-----------+-----------+------+----------+



================================================================
== Utilization Estimates
================================================================
* Summary: 
+-----------------+---------+-----+--------+-------+-----+
|       Name      | BRAM_18K| DSP |   FF   |  LUT  | URAM|
+-----------------+---------+-----+--------+-------+-----+
|DSP              |        -|    -|       -|      -|    -|
|Expression       |        -|    -|       0|     26|    -|
|FIFO             |        -|    -|       -|      -|    -|
|Instance         |        -|    -|       -|      -|    -|
|Memory           |        -|    -|       -|      -|    -|
|Multiplexer      |        -|    -|       0|     27|    -|
|Register         |        -|    -|       6|      -|    -|
+-----------------+---------+-----+--------+-------+-----+
|Total            |        0|    0|       6|     53|    0|
+-----------------+---------+-----+--------+-------+-----+
|Available        |      280|  220|  106400|  53200|    0|
+-----------------+---------+-----+--------+-------+-----+
|Utilization (%)  |        0|    0|      ~0|     ~0|    0|
+-----------------+---------+-----+--------+-------+-----+

+ Detail: 
    * Instance: 
    N/A

    * DSP: 
    N/A

    * Memory: 
    N/A

    * FIFO: 
    N/A

    * Expression: 
    +--------------------+----------+----+---+----+------------+------------+
    |    Variable Name   | Operation| DSP| FF| LUT| Bitwidth P0| Bitwidth P1|
    +--------------------+----------+----+---+----+------------+------------+
    |add_ln44_fu_60_p2   |         +|   0|  0|  13|           4|           1|
    |icmp_ln44_fu_54_p2  |      icmp|   0|  0|  13|           4|           5|
    +--------------------+----------+----+---+----+------------+------------+
    |Total               |          |   0|  0|  26|           8|           6|
    +--------------------+----------+----+---+----+------------+------------+

    * Multiplexer: 
    +---------------------------+----+-----------+-----+-----------+
    |            Name           | LUT| Input Size| Bits| Total Bits|
    +---------------------------+----+-----------+-----+-----------+
    |ap_done_int                |   9|          2|    1|          2|
    |ap_sig_allocacmp_j_init_1  |   9|          2|    4|          8|
    |j_init_fu_28               |   9|          2|    4|          8|
    +---------------------------+----+-----------+-----+-----------+
    |Total                      |  27|          6|    9|         18|
    +---------------------------+----+-----------+-----+-----------+

    * Register: 
    +--------------+---+----+-----+-----------+
    |     Name     | FF| LUT| Bits| Const Bits|
    +--------------+---+----+-----+-----------+
    |ap_CS_fsm     |  1|   0|    1|          0|
    |ap_done_reg   |  1|   0|    1|          0|
    |j_init_fu_28  |  4|   0|    4|          0|
    +--------------+---+----+-----+-----------+
    |Total         |  6|   0|    6|          0|
    +--------------+---+----+-----+-----------+



================================================================
== Interface
================================================================
* Summary: 
+-------------+-----+-----+------------+-----------------------------+--------------+
|  RTL Ports  | Dir | Bits|  Protocol  |        Source Object        |    C Type    |
+-------------+-----+-----+------------+-----------------------------+--------------+
|ap_clk       |   in|    1|  ap_ctrl_hs|  gemm_fp32_Pipeline_l_j_init|  return value|
|ap_rst       |   in|    1|  ap_ctrl_hs|  gemm_fp32_Pipeline_l_j_init|  return value|
|ap_start     |   in|    1|  ap_ctrl_hs|  gemm_fp32_Pipeline_l_j_init|  return value|
|ap_done      |  out|    1|  ap_ctrl_hs|  gemm_fp32_Pipeline_l_j_init|  return value|
|ap_idle      |  out|    1|  ap_ctrl_hs|  gemm_fp32_Pipeline_l_j_init|  return value|
|ap_ready     |  out|    1|  ap_ctrl_hs|  gemm_fp32_Pipeline_l_j_init|  return value|
|v9_address0  |  out|    3|   ap_memory|                           v9|         array|
|v9_ce0       |  out|    1|   ap_memory|                           v9|         array|
|v9_we0       |  out|    1|   ap_memory|                           v9|         array|
|v9_d0        |  out|   32|   ap_memory|                           v9|         array|
+-------------+-----+-----+------------+-----------------------------+--------------+

