

================================================================
== Vitis HLS Report for 'gemm_fp32_Pipeline_l_S_k_0_k_l_j'
================================================================
* Date:           Fri Oct  9 00:19:32 2026

* Version:        2024.1 (Build 5069499 on May 21 2024)
* Project:        out.prj
* Solution:       solution1 (Vivado IP Flow Target)
* Product family: zynq
* Target device:  xc7z020-clg400-1


================================================================
== Performance Estimates
================================================================
+ Timing: 
    * Summary: 
    +--------+----------+----------+------------+
    |  Clock |  Target  | Estimated| Uncertainty|
    +--------+----------+----------+------------+
    |ap_clk  |  10.00 ns|  7.300 ns|     2.70 ns|
    +--------+----------+----------+------------+

+ Latency: 
    * Summary: 
    +---------+---------+----------+----------+-----+-----+-----------------------------------------------+
    |  Latency (cycles) |  Latency (absolute) |  Interval |                    Pipeline                   |
    |   min   |   max   |    min   |    max   | min | max |                      Type                     |
    +---------+---------+----------+----------+-----+-----+-----------------------------------------------+
    |       84|       84|  0.840 us|  0.840 us|   65|   65|  loop auto-rewind stp(delay=0 clock cycles(s))|
    +---------+---------+----------+----------+-----+-----+-----------------------------------------------+

    + Detail: 
        * Instance: 
        +-----------------------+------------+---------+---------+-----------+-----------+-----+-----+----------+
        |                       |            |  Latency (cycles) |   Latency (absolute)  |  Interval | Pipeline |
        |        Instance       |   Module   |   min   |   max   |    min    |    max    | min | max |   Type   |
        +-----------------------+------------+---------+---------+-----------+-----------+-----+-----+----------+
        |grp_hf_mul_f32_fu_156  |hf_mul_f32  |        3|        3|  30.000 ns|  30.000 ns|    1|    1|  yes(flp)|
        |grp_hf_add_f32_fu_163  |hf_add_f32  |        3|        3|  30.000 ns|  30.000 ns|    1|    1|  yes(flp)|
        +-----------------------+------------+---------+---------+-----------+-----------+-----+-----+----------+

        * Loop: 
        +-----------------+---------+---------+----------+-----------+-----------+------+----------+
        |                 |  Latency (cycles) | Iteration|  Initiation Interval  | Trip |          |
        |    Loop Name    |   min   |   max   |  Latency |  achieved |   target  | Count| Pipelined|
        +-----------------+---------+---------+----------+-----------+-----------+------+----------+
        |- l_S_k_0_k_l_j  |       82|       82|        20|          1|          1|    64|       yes|
        +-----------------+---------+---------+----------+-----------+-----------+------+----------+



================================================================
== Utilization Estimates
================================================================
* Summary: 
+-----------------+---------+-----+--------+-------+-----+
|       Name      | BRAM_18K| DSP |   FF   |  LUT  | URAM|
+-----------------+---------+-----+--------+-------+-----+
|DSP              |        -|    -|       -|      -|    -|
|Expression       |        -|    -|       0|    242|    -|
|FIFO             |        -|    -|       -|      -|    -|
|Instance         |        0|    0|       0|      0|    0|
|Memory           |        -|    -|       -|      -|    -|
|Multiplexer      |        -|    -|       0|     90|    -|
|Register         |        -|    -|     602|     96|    -|
+-----------------+---------+-----+--------+-------+-----+
|Total            |        0|    0|     602|    428|    0|
+-----------------+---------+-----+--------+-------+-----+
|Available        |      280|  220|  106400|  53200|    0|
+-----------------+---------+-----+--------+-------+-----+
|Utilization (%)  |        0|    0|      ~0|     ~0|    0|
+-----------------+---------+-----+--------+-------+-----+

+ Detail: 
    * Instance: 
    +-----------------------+------------+---------+----+---+----+-----+
    |        Instance       |   Module   | BRAM_18K| DSP| FF| LUT| URAM|
    +-----------------------+------------+---------+----+---+----+-----+
    |grp_hf_add_f32_fu_163  |hf_add_f32  |        0|   0|  0|   0|    0|
    |grp_hf_mul_f32_fu_156  |hf_mul_f32  |        0|   0|  0|   0|    0|
    +-----------------------+------------+---------+----+---+----+-----+
    |Total                  |            |        0|   0|  0|   0|    0|
    +-----------------------+------------+---------+----+---+----+-----+

    * DSP: 
    N/A

    * Memory: 
    N/A

    * FIFO: 
    N/A

    * Expression: 
    +-------------------------------------------+----------+----+---+----+------------+------------+
    |               Variable Name               | Operation| DSP| FF| LUT| Bitwidth P0| Bitwidth P1|
    +-------------------------------------------+----------+----+---+----+------------+------------+
    |add_ln48_1_fu_229_p2                       |         +|   0|  0|  13|           4|           1|
    |add_ln48_fu_198_p2                         |         +|   0|  0|  14|           7|           1|
    |add_ln49_fu_320_p2                         |         +|   0|  0|  13|           4|           1|
    |add_ln52_fu_295_p2                         |         +|   0|  0|  71|          64|          64|
    |empty_fu_253_p2                            |         +|   0|  0|  70|          63|          63|
    |first_iter_0_fu_243_p2                     |      icmp|   0|  0|  13|           4|           1|
    |icmp_ln48_fu_192_p2                        |      icmp|   0|  0|  15|           7|           8|
    |icmp_ln49_fu_215_p2                        |      icmp|   0|  0|  13|           4|           5|
    |ap_block_pp0_stage0_11001                  |        or|   0|  0|   2|           1|           1|
    |ap_block_pp0_stage0_11001_ignoreCallOp101  |        or|   0|  0|   2|           1|           1|
    |ap_block_pp0_stage0_11001_ignoreCallOp95   |        or|   0|  0|   2|           1|           1|
    |ap_block_state11_pp0_stage0_iter10         |        or|   0|  0|   2|           1|           1|
    |ap_block_state3_io                         |        or|   0|  0|   2|           1|           1|
    |select_ln48_1_fu_235_p3                    |    select|   0|  0|   4|           1|           4|
    |select_ln48_fu_221_p3                      |    select|   0|  0|   4|           1|           1|
    |ap_enable_pp0                              |       xor|   0|  0|   2|           1|           2|
    +-------------------------------------------+----------+----+---+----+------------+------------+
    |Total                                      |          |   0|  0| 242|         165|         156|
    +-------------------------------------------+----------+----+---+----+------------+------------+

    * Multiplexer: 
    +--------------------------------------+----+-----------+-----+-----------+
    |                 Name                 | LUT| Input Size| Bits| Total Bits|
    +--------------------------------------+----+-----------+-----+-----------+
    |ap_done_int                           |   9|          2|    1|          2|
    |ap_enable_reg_pp0_iter1               |   9|          2|    1|          2|
    |ap_sig_allocacmp_indvar_flatten_load  |   9|          2|    7|         14|
    |gmem0_blk_n_AR                        |   9|          2|    1|          2|
    |gmem0_blk_n_R                         |   9|          2|    1|          2|
    |gmem1_blk_n_AR                        |   9|          2|    1|          2|
    |gmem1_blk_n_R                         |   9|          2|    1|          2|
    |indvar_flatten_fu_88                  |   9|          2|    7|         14|
    |j_fu_80                               |   9|          2|    4|          8|
    |k_fu_84                               |   9|          2|    4|          8|
    +--------------------------------------+----+-----------+-----+-----------+
    |Total                                 |  90|         20|   28|         56|
    +--------------------------------------+----+-----------+-----+-----------+

    * Register: 
    +-----------------------------------+----+----+-----+-----------+
    |                Name               | FF | LUT| Bits| Const Bits|
    +-----------------------------------+----+----+-----+-----------+
    |ap_CS_fsm                          |   1|   0|    1|          0|
    |ap_done_reg                        |   1|   0|    1|          0|
    |ap_enable_reg_pp0_iter1            |   1|   0|    1|          0|
    |ap_enable_reg_pp0_iter10           |   1|   0|    1|          0|
    |ap_enable_reg_pp0_iter11           |   1|   0|    1|          0|
    |ap_enable_reg_pp0_iter12           |   1|   0|    1|          0|
    |ap_enable_reg_pp0_iter13           |   1|   0|    1|          0|
    |ap_enable_reg_pp0_iter14           |   1|   0|    1|          0|
    |ap_enable_reg_pp0_iter15           |   1|   0|    1|          0|
    |ap_enable_reg_pp0_iter16           |   1|   0|    1|          0|
    |ap_enable_reg_pp0_iter17           |   1|   0|    1|          0|
    |ap_enable_reg_pp0_iter18           |   1|   0|    1|          0|
    |ap_enable_reg_pp0_iter19           |   1|   0|    1|          0|
    |ap_enable_reg_pp0_iter2            |   1|   0|    1|          0|
    |ap_enable_reg_pp0_iter3            |   1|   0|    1|          0|
    |ap_enable_reg_pp0_iter4            |   1|   0|    1|          0|
    |ap_enable_reg_pp0_iter5            |   1|   0|    1|          0|
    |ap_enable_reg_pp0_iter6            |   1|   0|    1|          0|
    |ap_enable_reg_pp0_iter7            |   1|   0|    1|          0|
    |ap_enable_reg_pp0_iter8            |   1|   0|    1|          0|
    |ap_enable_reg_pp0_iter9            |   1|   0|    1|          0|
    |ap_loop_exit_ready_pp0_iter10_reg  |   1|   0|    1|          0|
    |ap_loop_exit_ready_pp0_iter11_reg  |   1|   0|    1|          0|
    |ap_loop_exit_ready_pp0_iter12_reg  |   1|   0|    1|          0|
    |ap_loop_exit_ready_pp0_iter13_reg  |   1|   0|    1|          0|
    |ap_loop_exit_ready_pp0_iter14_reg  |   1|   0|    1|          0|
    |ap_loop_exit_ready_pp0_iter15_reg  |   1|   0|    1|          0|
    |ap_loop_exit_ready_pp0_iter16_reg  |   1|   0|    1|          0|
    |ap_loop_exit_ready_pp0_iter17_reg  |   1|   0|    1|          0|
    |ap_loop_exit_ready_pp0_iter18_reg  |   1|   0|    1|          0|
    |ap_loop_exit_ready_pp0_iter1_reg   |   1|   0|    1|          0|
    |ap_loop_exit_ready_pp0_iter2_reg   |   1|   0|    1|          0|
    |ap_loop_exit_ready_pp0_iter3_reg   |   1|   0|    1|          0|
    |ap_loop_exit_ready_pp0_iter4_reg   |   1|   0|    1|          0|
    |ap_loop_exit_ready_pp0_iter5_reg   |   1|   0|    1|          0|
    |ap_loop_exit_ready_pp0_iter6_reg   |   1|   0|    1|          0|
    |ap_loop_exit_ready_pp0_iter7_reg   |   1|   0|    1|          0|
    |ap_loop_exit_ready_pp0_iter8_reg   |   1|   0|    1|          0|
    |ap_loop_exit_ready_pp0_iter9_reg   |   1|   0|    1|          0|
    |first_iter_0_reg_404               |   1|   0|    1|          0|
    |gmem0_addr_reg_408                 |  64|   0|   64|          0|
    |gmem0_load1_fu_92                  |  32|   0|   32|          0|
    |gmem1_addr_read_reg_426            |  32|   0|   32|          0|
    |gmem1_addr_reg_414                 |  64|   0|   64|          0|
    |icmp_ln48_reg_400                  |   1|   0|    1|          0|
    |indvar_flatten_fu_88               |   7|   0|    7|          0|
    |j_fu_80                            |   4|   0|    4|          0|
    |k_fu_84                            |   4|   0|    4|          0|
    |sext_ln48_cast_reg_385             |  63|   0|   63|          0|
    |v15_reg_441                        |  32|   0|   32|          0|
    |v17_reg_446                        |  32|   0|   32|          0|
    |v19_reg_451                        |  32|   0|   32|          0|
    |v9_addr_reg_420                    |   3|   0|    3|          0|
    |first_iter_0_reg_404               |  64|  32|    1|          0|
    |icmp_ln48_reg_400                  |  64|  32|    1|          0|
    |v9_addr_reg_420                    |  64|  32|    3|          0|
    +-----------------------------------+----+----+-----+-----------+
    |Total                              | 602|  96|  415|          0|
    +-----------------------------------+----+----+-----+-----------+



================================================================
== Interface
================================================================
* Summary: 
+----------------------+-----+-----+------------+----------------------------------+--------------+
|       RTL Ports      | Dir | Bits|  Protocol  |           Source Object          |    C Type    |
+----------------------+-----+-----+------------+----------------------------------+--------------+
|ap_clk                |   in|    1|  ap_ctrl_hs|  gemm_fp32_Pipeline_l_S_k_0_k_l_j|  return value|
|ap_rst                |   in|    1|  ap_ctrl_hs|  gemm_fp32_Pipeline_l_S_k_0_k_l_j|  return value|
|ap_start              |   in|    1|  ap_ctrl_hs|  gemm_fp32_Pipeline_l_S_k_0_k_l_j|  return value|
|ap_done               |  out|    1|  ap_ctrl_hs|  gemm_fp32_Pipeline_l_S_k_0_k_l_j|  return value|
|ap_idle               |  out|    1|  ap_ctrl_hs|  gemm_fp32_Pipeline_l_S_k_0_k_l_j|  return value|
|ap_ready              |  out|    1|  ap_ctrl_hs|  gemm_fp32_Pipeline_l_S_k_0_k_l_j|  return value|
|m_axi_gmem0_AWVALID   |  out|    1|       m_axi|                             gmem0|       pointer|
|m_axi_gmem0_AWREADY   |   in|    1|       m_axi|                             gmem0|       pointer|
|m_axi_gmem0_AWADDR    |  out|   64|       m_axi|                             gmem0|       pointer|
|m_axi_gmem0_AWID      |  out|    1|       m_axi|                             gmem0|       pointer|
|m_axi_gmem0_AWLEN     |  out|   32|       m_axi|                             gmem0|       pointer|
|m_axi_gmem0_AWSIZE    |  out|    3|       m_axi|                             gmem0|       pointer|
|m_axi_gmem0_AWBURST   |  out|    2|       m_axi|                             gmem0|       pointer|
|m_axi_gmem0_AWLOCK    |  out|    2|       m_axi|                             gmem0|       pointer|
|m_axi_gmem0_AWCACHE   |  out|    4|       m_axi|                             gmem0|       pointer|
|m_axi_gmem0_AWPROT    |  out|    3|       m_axi|                             gmem0|       pointer|
|m_axi_gmem0_AWQOS     |  out|    4|       m_axi|                             gmem0|       pointer|
|m_axi_gmem0_AWREGION  |  out|    4|       m_axi|                             gmem0|       pointer|
|m_axi_gmem0_AWUSER    |  out|    1|       m_axi|                             gmem0|       pointer|
|m_axi_gmem0_WVALID    |  out|    1|       m_axi|                             gmem0|       pointer|
|m_axi_gmem0_WREADY    |   in|    1|       m_axi|                             gmem0|       pointer|
|m_axi_gmem0_WDATA     |  out|   32|       m_axi|                             gmem0|       pointer|
|m_axi_gmem0_WSTRB     |  out|    4|       m_axi|                             gmem0|       pointer|
|m_axi_gmem0_WLAST     |  out|    1|       m_axi|                             gmem0|       pointer|
|m_axi_gmem0_WID       |  out|    1|       m_axi|                             gmem0|       pointer|
|m_axi_gmem0_WUSER     |  out|    1|       m_axi|                             gmem0|       pointer|
|m_axi_gmem0_ARVALID   |  out|    1|       m_axi|                             gmem0|       pointer|
|m_axi_gmem0_ARREADY   |   in|    1|       m_axi|                             gmem0|       pointer|
|m_axi_gmem0_ARADDR    |  out|   64|       m_axi|                             gmem0|       pointer|
|m_axi_gmem0_ARID      |  out|    1|       m_axi|                             gmem0|       pointer|
|m_axi_gmem0_ARLEN     |  out|   32|       m_axi|                             gmem0|       pointer|
|m_axi_gmem0_ARSIZE    |  out|    3|       m_axi|                             gmem0|       pointer|
|m_axi_gmem0_ARBURST   |  out|    2|       m_axi|                             gmem0|       pointer|
|m_axi_gmem0_ARLOCK    |  out|    2|       m_axi|                             gmem0|       pointer|
|m_axi_gmem0_ARCACHE   |  out|    4|       m_axi|                             gmem0|       pointer|
|m_axi_gmem0_ARPROT    |  out|    3|       m_axi|                             gmem0|       pointer|
|m_axi_gmem0_ARQOS     |  out|    4|       m_axi|                             gmem0|       pointer|
|m_axi_gmem0_ARREGION  |  out|    4|       m_axi|                             gmem0|       pointer|
|m_axi_gmem0_ARUSER    |  out|    1|       m_axi|                             gmem0|       pointer|
|m_axi_gmem0_RVALID    |   in|    1|       m_axi|                             gmem0|       pointer|
|m_axi_gmem0_RREADY    |  out|    1|       m_axi|                             gmem0|       pointer|
|m_axi_gmem0_RDATA     |   in|   32|       m_axi|                             gmem0|       pointer|
|m_axi_gmem0_RLAST     |   in|    1|       m_axi|                             gmem0|       pointer|
|m_axi_gmem0_RID       |   in|    1|       m_axi|                             gmem0|       pointer|
|m_axi_gmem0_RFIFONUM  |   in|    9|       m_axi|                             gmem0|       pointer|
|m_axi_gmem0_RUSER     |   in|    1|       m_axi|                             gmem0|       pointer|
|m_axi_gmem0_RRESP     |   in|    2|       m_axi|                             gmem0|       pointer|
|m_axi_gmem0_BVALID    |   in|    1|       m_axi|                             gmem0|       pointer|
|m_axi_gmem0_BREADY    |  out|    1|       m_axi|                             gmem0|       pointer|
|m_axi_gmem0_BRESP     |   in|    2|       m_axi|                             gmem0|       pointer|
|m_axi_gmem0_BID       |   in|    1|       m_axi|                             gmem0|       pointer|
|m_axi_gmem0_BUSER     |   in|    1|       m_axi|                             gmem0|       pointer|
|m_axi_gmem1_AWVALID   |  out|    1|       m_axi|                             gmem1|       pointer|
|m_axi_gmem1_AWREADY   |   in|    1|       m_axi|                             gmem1|       pointer|
|m_axi_gmem1_AWADDR    |  out|   64|       m_axi|                             gmem1|       pointer|
|m_axi_gmem1_AWID      |  out|    1|       m_axi|                             gmem1|       pointer|
|m_axi_gmem1_AWLEN     |  out|   32|       m_axi|                             gmem1|       pointer|
|m_axi_gmem1_AWSIZE    |  out|    3|       m_axi|                             gmem1|       pointer|
|m_axi_gmem1_AWBURST   |  out|    2|       m_axi|                             gmem1|       pointer|
|m_axi_gmem1_AWLOCK    |  out|    2|       m_axi|                             gmem1|       pointer|
|m_axi_gmem1_AWCACHE   |  out|    4|       m_axi|                             gmem1|       pointer|
|m_axi_gmem1_AWPROT    |  out|    3|       m_axi|                             gmem1|       pointer|
|m_axi_gmem1_AWQOS     |  out|    4|       m_axi|                             gmem1|       pointer|
|m_axi_gmem1_AWREGION  |  out|    4|       m_axi|                             gmem1|       pointer|
|m_axi_gmem1_AWUSER    |  out|    1|       m_axi|                             gmem1|       pointer|
|m_axi_gmem1_WVALID    |  out|    1|       m_axi|                             gmem1|       pointer|
|m_axi_gmem1_WREADY    |   in|    1|       m_axi|                             gmem1|       pointer|
|m_axi_gmem1_WDATA     |  out|   32|       m_axi|                             gmem1|       pointer|
|m_axi_gmem1_WSTRB     |  out|    4|       m_axi|                             gmem1|       pointer|
|m_axi_gmem1_WLAST     |  out|    1|       m_axi|                             gmem1|       pointer|
|m_axi_gmem1_WID       |  out|    1|       m_axi|                             gmem1|       pointer|
|m_axi_gmem1_WUSER     |  out|    1|       m_axi|                             gmem1|       pointer|
|m_axi_gmem1_ARVALID   |  out|    1|       m_axi|                             gmem1|       pointer|
|m_axi_gmem1_ARREADY   |   in|    1|       m_axi|                             gmem1|       pointer|
|m_axi_gmem1_ARADDR    |  out|   64|       m_axi|                             gmem1|       pointer|
|m_axi_gmem1_ARID      |  out|    1|       m_axi|                             gmem1|       pointer|
|m_axi_gmem1_ARLEN     |  out|   32|       m_axi|                             gmem1|       pointer|
|m_axi_gmem1_ARSIZE    |  out|    3|       m_axi|                             gmem1|       pointer|
|m_axi_gmem1_ARBURST   |  out|    2|       m_axi|                             gmem1|       pointer|
|m_axi_gmem1_ARLOCK    |  out|    2|       m_axi|                             gmem1|       pointer|
|m_axi_gmem1_ARCACHE   |  out|    4|       m_axi|                             gmem1|       pointer|
|m_axi_gmem1_ARPROT    |  out|    3|       m_axi|                             gmem1|       pointer|
|m_axi_gmem1_ARQOS     |  out|    4|       m_axi|                             gmem1|       pointer|
|m_axi_gmem1_ARREGION  |  out|    4|       m_axi|                             gmem1|       pointer|
|m_axi_gmem1_ARUSER    |  out|    1|       m_axi|                             gmem1|       pointer|
|m_axi_gmem1_RVALID    |   in|    1|       m_axi|                             gmem1|       pointer|
|m_axi_gmem1_RREADY    |  out|    1|       m_axi|                             gmem1|       pointer|
|m_axi_gmem1_RDATA     |   in|   32|       m_axi|                             gmem1|       pointer|
|m_axi_gmem1_RLAST     |   in|    1|       m_axi|                             gmem1|       pointer|
|m_axi_gmem1_RID       |   in|    1|       m_axi|                             gmem1|       pointer|
|m_axi_gmem1_RFIFONUM  |   in|    9|       m_axi|                             gmem1|       pointer|
|m_axi_gmem1_RUSER     |   in|    1|       m_axi|                             gmem1|       pointer|
|m_axi_gmem1_RRESP     |   in|    2|       m_axi|                             gmem1|       pointer|
|m_axi_gmem1_BVALID    |   in|    1|       m_axi|                             gmem1|       pointer|
|m_axi_gmem1_BREADY    |  out|    1|       m_axi|                             gmem1|       pointer|
|m_axi_gmem1_BRESP     |   in|    2|       m_axi|                             gmem1|       pointer|
|m_axi_gmem1_BID       |   in|    1|       m_axi|                             gmem1|       pointer|
|m_axi_gmem1_BUSER     |   in|    1|       m_axi|                             gmem1|       pointer|
|v1                    |   in|   64|     ap_none|                                v1|        scalar|
|v9_address0           |  out|    3|   ap_memory|                                v9|         array|
|v9_ce0                |  out|    1|   ap_memory|                                v9|         array|
|v9_we0                |  out|    1|   ap_memory|                                v9|         array|
|v9_d0                 |  out|   32|   ap_memory|                                v9|         array|
|v9_address1           |  out|    3|   ap_memory|                                v9|         array|
|v9_ce1                |  out|    1|   ap_memory|                                v9|         array|
|v9_q1                 |   in|   32|   ap_memory|                                v9|         array|
|sext_ln48             |   in|   62|     ap_none|                         sext_ln48|        scalar|
+----------------------+-----+-----+------------+----------------------------------+--------------+

