

================================================================
== Vitis HLS Report for 'gemm_fp32'
================================================================
* Date:           Fri Oct  9 00:19:33 2026

* Version:        2024.1 (Build 5069499 on May 21 2024)
* Project:        out.prj
* Solution:       solution1 (Vivado IP Flow Target)
* Product family: zynq
* Target device:  xc7z020-clg400-1


================================================================
== Performance Estimates
================================================================
+ Timing: 
    * Summary: 
    +--------+----------+----------+------------+
    |  Clock |  Target  | Estimated| Uncertainty|
    +--------+----------+----------+------------+
    |ap_clk  |  10.00 ns|  7.300 ns|     2.70 ns|
    +--------+----------+----------+------------+

+ Latency: 
    * Summary: 
    +---------+---------+----------+----------+-----+-----+---------+
    |  Latency (cycles) |  Latency (absolute) |  Interval | Pipeline|
    |   min   |   max   |    min   |    max   | min | max |   Type  |
    +---------+---------+----------+----------+-----+-----+---------+
    |      969|      969|  9.690 us|  9.690 us|  970|  970|       no|
    +---------+---------+----------+----------+-----+-----+---------+

    + Detail: 
        * Instance: 
        +-----------------------------------------------+------------------------------------+---------+---------+----------+----------+-----+-----+-----------------------------------------------+
        |                                               |                                    |  Latency (cycles) |  Latency (absolute) |  Interval |                    Pipeline                   |
        |                    Instance                   |               Module               |   min   |   max   |    min   |    max   | min | max |                      Type                     |
        +-----------------------------------------------+------------------------------------+---------+---------+----------+----------+-----+-----+-----------------------------------------------+
        |grp_gemm_fp32_Pipeline_l_j_init_fu_402         |gemm_fp32_Pipeline_l_j_init         |       10|       10|  0.100 us|  0.100 us|    9|    9|  loop auto-rewind stp(delay=0 clock cycles(s))|
        |grp_gemm_fp32_Pipeline_l_outputs_u_l_v_fu_407  |gemm_fp32_Pipeline_l_outputs_u_l_v  |       87|       87|  0.870 us|  0.870 us|   65|   65|  loop auto-rewind stp(delay=0 clock cycles(s))|
        |grp_gemm_fp32_Pipeline_l_S_k_0_k_l_j_fu_482    |gemm_fp32_Pipeline_l_S_k_0_k_l_j    |       84|       84|  0.840 us|  0.840 us|   65|   65|  loop auto-rewind stp(delay=0 clock cycles(s))|
        |grp_gemm_fp32_Pipeline_l_j_back_fu_493         |gemm_fp32_Pipeline_l_j_back         |       10|       10|  0.100 us|  0.100 us|    9|    9|  loop auto-rewind stp(delay=0 clock cycles(s))|
        +-----------------------------------------------+------------------------------------+---------+---------+----------+----------+-----+-----+-----------------------------------------------+

        * Loop: 
        +-----------+---------+---------+----------+-----------+-----------+------+----------+
        |           |  Latency (cycles) | Iteration|  Initiation Interval  | Trip |          |
        | Loop Name |   min   |   max   |  Latency |  achieved |   target  | Count| Pipelined|
        +-----------+---------+---------+----------+-----------+-----------+------+----------+
        |- l_mac_i  |      880|      880|       110|          -|          -|     8|        no|
        +-----------+---------+---------+----------+-----------+-----------+------+----------+



================================================================
== Utilization Estimates
================================================================
* Summary: 
+-----------------+---------+-----+--------+-------+-----+
|       Name      | BRAM_18K| DSP |   FF   |  LUT  | URAM|
+-----------------+---------+-----+--------+-------+-----+
|DSP              |        -|    -|       -|      -|    -|
|Expression       |        -|    -|       0|    125|    -|
|FIFO             |        -|    -|       -|      -|    -|
|Instance         |        8|    0|    4635|   4553|    0|
|Memory           |        0|    -|      64|      4|    0|
|Multiplexer      |        -|    -|       0|    791|    -|
|Register         |        -|    -|    2511|      -|    -|
+-----------------+---------+-----+--------+-------+-----+
|Total            |        8|    0|    7210|   5473|    0|
+-----------------+---------+-----+--------+-------+-----+
|Available        |      280|  220|  106400|  53200|    0|
+-----------------+---------+-----+--------+-------+-----+
|Utilization (%)  |        2|    0|       6|     10|    0|
+-----------------+---------+-----+--------+-------+-----+

+ Detail: 
    * Instance: 
    +-----------------------------------------------+------------------------------------+---------+----+------+-----+-----+
    |                    Instance                   |               Module               | BRAM_18K| DSP|  FF  | LUT | URAM|
    +-----------------------------------------------+------------------------------------+---------+----+------+-----+-----+
    |control_s_axi_U                                |control_s_axi                       |        0|   0|   310|  552|    0|
    |grp_gemm_fp32_Pipeline_l_S_k_0_k_l_j_fu_482    |gemm_fp32_Pipeline_l_S_k_0_k_l_j    |        0|   0|   602|  428|    0|
    |grp_gemm_fp32_Pipeline_l_j_back_fu_493         |gemm_fp32_Pipeline_l_j_back         |        0|   0|    10|   64|    0|
    |grp_gemm_fp32_Pipeline_l_j_init_fu_402         |gemm_fp32_Pipeline_l_j_init         |        0|   0|     6|   53|    0|
    |grp_gemm_fp32_Pipeline_l_outputs_u_l_v_fu_407  |gemm_fp32_Pipeline_l_outputs_u_l_v  |        0|   0|  1029|  839|    0|
    |gmem0_m_axi_U                                  |gmem0_m_axi                         |        2|   0|   671|  657|    0|
    |gmem1_m_axi_U                                  |gmem1_m_axi                         |        2|   0|   671|  657|    0|
    |gmem2_m_axi_U                                  |gmem2_m_axi                         |        2|   0|   671|  657|    0|
    |gmem3_m_axi_U                                  |gmem3_m_axi                         |        2|   0|   665|  646|    0|
    +-----------------------------------------------+------------------------------------+---------+----+------+-----+-----+
    |Total                                          |                                    |        8|   0|  4635| 4553|    0|
    +-----------------------------------------------+------------------------------------+---------+----+------+-----+-----+

    * DSP: 
    N/A

    * Memory: 
    +-------+------------------+---------+----+----+-----+------+-----+------+-------------+
    | Memory|      Module      | BRAM_18K| FF | LUT| URAM| Words| Bits| Banks| W*Bits*Banks|
    +-------+------------------+---------+----+----+-----+------+-----+------+-------------+
    |v9_U   |v9_RAM_AUTO_1R1W  |        0|  64|   4|    0|     8|   32|     1|          256|
    +-------+------------------+---------+----+----+-----+------+-----+------+-------------+
    |Total  |                  |        0|  64|   4|    0|     8|   32|     1|          256|
    +-------+------------------+---------+----+----+-----+------+-----+------+-------------+

    * FIFO: 
    N/A

    * Expression: 
    +---------------------+----------+----+---+----+------------+------------+
    |    Variable Name    | Operation| DSP| FF| LUT| Bitwidth P0| Bitwidth P1|
    +---------------------+----------+----+---+----+------------+------------+
    |add_ln42_fu_898_p2   |         +|   0|  0|  13|           4|           1|
    |add_ln43_fu_920_p2   |         +|   0|  0|  71|          64|          64|
    |empty_fu_935_p2      |      icmp|   0|  0|  13|           4|           3|
    |icmp_ln42_fu_892_p2  |      icmp|   0|  0|  13|           4|           5|
    |v26_fu_1202_p2       |      icmp|   0|  0|  15|           8|           1|
    +---------------------+----------+----+---+----+------------+------------+
    |Total                |          |   0|  0| 125|          84|          74|
    +---------------------+----------+----+---+----+------------+------------+

    * Multiplexer: 
    +-------------------------+----+-----------+-----+-----------+
    |           Name          | LUT| Input Size| Bits| Total Bits|
    +-------------------------+----+-----------+-----+-----------+
    |ap_NS_fsm                |  48|          9|    1|          9|
    |gmem0_ARVALID            |   9|          2|    1|          2|
    |gmem0_RREADY             |   9|          2|    1|          2|
    |gmem1_ARVALID            |   9|          2|    1|          2|
    |gmem1_RREADY             |   9|          2|    1|          2|
    |gmem2_ARVALID            |   9|          2|    1|          2|
    |gmem2_RREADY             |   9|          2|    1|          2|
    |gmem3_AWVALID            |   9|          2|    1|          2|
    |gmem3_BREADY             |   9|          2|    1|          2|
    |gmem3_WVALID             |   9|          2|    1|          2|
    |i_fu_108                 |   9|          2|    4|          8|
    |mux_case_0205353_fu_144  |   9|          2|   32|         64|
    |mux_case_0214433_fu_176  |   9|          2|   32|         64|
    |mux_case_0223513_fu_208  |   9|          2|   32|         64|
    |mux_case_0232593_fu_240  |   9|          2|   32|         64|
    |mux_case_0241673_fu_272  |   9|          2|   32|         64|
    |mux_case_0250753_fu_304  |   9|          2|   32|         64|
    |mux_case_0259833_fu_336  |   9|          2|   32|         64|
    |mux_case_0270_fu_112     |   9|          2|   32|         64|
    |mux_case_1206363_fu_148  |   9|          2|   32|         64|
    |mux_case_1215443_fu_180  |   9|          2|   32|         64|
    |mux_case_1224523_fu_212  |   9|          2|   32|         64|
    |mux_case_1233603_fu_244  |   9|          2|   32|         64|
    |mux_case_1242683_fu_276  |   9|          2|   32|         64|
    |mux_case_1251763_fu_308  |   9|          2|   32|         64|
    |mux_case_1260843_fu_340  |   9|          2|   32|         64|
    |mux_case_1280_fu_116     |   9|          2|   32|         64|
    |mux_case_2207373_fu_152  |   9|          2|   32|         64|
    |mux_case_2216453_fu_184  |   9|          2|   32|         64|
    |mux_case_2225533_fu_216  |   9|          2|   32|         64|
    |mux_case_2234613_fu_248  |   9|          2|   32|         64|
    |mux_case_2243693_fu_280  |   9|          2|   32|         64|
    |mux_case_2252773_fu_312  |   9|          2|   32|         64|
    |mux_case_2261853_fu_344  |   9|          2|   32|         64|
    |mux_case_2290_fu_120     |   9|          2|   32|         64|
    |mux_case_3208383_fu_156  |   9|          2|   32|         64|
    |mux_case_3217463_fu_188  |   9|          2|   32|         64|
    |mux_case_3226543_fu_220  |   9|          2|   32|         64|
    |mux_case_3235623_fu_252  |   9|          2|   32|         64|
    |mux_case_3244703_fu_284  |   9|          2|   32|         64|
    |mux_case_3253783_fu_316  |   9|          2|   32|         64|
    |mux_case_3262863_fu_348  |   9|          2|   32|         64|
    |mux_case_3300_fu_124     |   9|          2|   32|         64|
    |mux_case_4209393_fu_160  |   9|          2|   32|         64|
    |mux_case_4218473_fu_192  |   9|          2|   32|         64|
    |mux_case_4227553_fu_224  |   9|          2|   32|         64|
    |mux_case_4236633_fu_256  |   9|          2|   32|         64|
    |mux_case_4245713_fu_288  |   9|          2|   32|         64|
    |mux_case_4254793_fu_320  |   9|          2|   32|         64|
    |mux_case_4263873_fu_352  |   9|          2|   32|         64|
    |mux_case_4310_fu_128     |   9|          2|   32|         64|
    |mux_case_5210403_fu_164  |   9|          2|   32|         64|
    |mux_case_5219483_fu_196  |   9|          2|   32|         64|
    |mux_case_5228563_fu_228  |   9|          2|   32|         64|
    |mux_case_5237643_fu_260  |   9|          2|   32|         64|
    |mux_case_5246723_fu_292  |   9|          2|   32|         64|
    |mux_case_5255803_fu_324  |   9|          2|   32|         64|
    |mux_case_5264883_fu_356  |   9|          2|   32|         64|
    |mux_case_5320_fu_132     |   9|          2|   32|         64|
    |mux_case_6211413_fu_168  |   9|          2|   32|         64|
    |mux_case_6220493_fu_200  |   9|          2|   32|         64|
    |mux_case_6229573_fu_232  |   9|          2|   32|         64|
    |mux_case_6238653_fu_264  |   9|          2|   32|         64|
    |mux_case_6247733_fu_296  |   9|          2|   32|         64|
    |mux_case_6256813_fu_328  |   9|          2|   32|         64|
    |mux_case_6265893_fu_360  |   9|          2|   32|         64|
    |mux_case_6330_fu_136     |   9|          2|   32|         64|
    |mux_case_7212423_fu_172  |   9|          2|   32|         64|
    |mux_case_7221503_fu_204  |   9|          2|   32|         64|
    |mux_case_7230583_fu_236  |   9|          2|   32|         64|
    |mux_case_7239663_fu_268  |   9|          2|   32|         64|
    |mux_case_7248743_fu_300  |   9|          2|   32|         64|
    |mux_case_7257823_fu_332  |   9|          2|   32|         64|
    |mux_case_7266903_fu_364  |   9|          2|   32|         64|
    |mux_case_7340_fu_140     |   9|          2|   32|         64|
    |v9_address0              |  20|          4|    3|         12|
    |v9_ce0                   |  20|          4|    1|          4|
    |v9_ce1                   |   9|          2|    1|          2|
    |v9_d0                    |  14|          3|   32|         96|
    |v9_we0                   |  14|          3|    1|          3|
    +-------------------------+----+-----------+-----+-----------+
    |Total                    | 791|        173| 2100|       4248|
    +-------------------------+----+-----------+-----+-----------+

    * Register: 
    +------------------------------------------------------------+----+----+-----+-----------+
    |                            Name                            | FF | LUT| Bits| Const Bits|
    +------------------------------------------------------------+----+----+-----+-----------+
    |ap_CS_fsm                                                   |   8|   0|    8|          0|
    |empty_reg_1721                                              |   1|   0|    1|          0|
    |grp_gemm_fp32_Pipeline_l_S_k_0_k_l_j_fu_482_ap_start_reg    |   1|   0|    1|          0|
    |grp_gemm_fp32_Pipeline_l_j_back_fu_493_ap_start_reg         |   1|   0|    1|          0|
    |grp_gemm_fp32_Pipeline_l_j_init_fu_402_ap_start_reg         |   1|   0|    1|          0|
    |grp_gemm_fp32_Pipeline_l_outputs_u_l_v_fu_407_ap_start_reg  |   1|   0|    1|          0|
    |i_fu_108                                                    |   4|   0|    4|          0|
    |mux_case_0205353_fu_144                                     |  32|   0|   32|          0|
    |mux_case_0214433_fu_176                                     |  32|   0|   32|          0|
    |mux_case_0223513_fu_208                                     |  32|   0|   32|          0|
    |mux_case_0232593_fu_240                                     |  32|   0|   32|          0|
    |mux_case_0241673_fu_272                                     |  32|   0|   32|          0|
    |mux_case_0250753_fu_304                                     |  32|   0|   32|          0|
    |mux_case_0259833_fu_336                                     |  32|   0|   32|          0|
    |mux_case_0270_fu_112                                        |  32|   0|   32|          0|
    |mux_case_1206363_fu_148                                     |  32|   0|   32|          0|
    |mux_case_1215443_fu_180                                     |  32|   0|   32|          0|
    |mux_case_1224523_fu_212                                     |  32|   0|   32|          0|
    |mux_case_1233603_fu_244                                     |  32|   0|   32|          0|
    |mux_case_1242683_fu_276                                     |  32|   0|   32|          0|
    |mux_case_1251763_fu_308                                     |  32|   0|   32|          0|
    |mux_case_1260843_fu_340                                     |  32|   0|   32|          0|
    |mux_case_1280_fu_116                                        |  32|   0|   32|          0|
    |mux_case_2207373_fu_152                                     |  32|   0|   32|          0|
    |mux_case_2216453_fu_184                                     |  32|   0|   32|          0|
    |mux_case_2225533_fu_216                                     |  32|   0|   32|          0|
    |mux_case_2234613_fu_248                                     |  32|   0|   32|          0|
    |mux_case_2243693_fu_280                                     |  32|   0|   32|          0|
    |mux_case_2252773_fu_312                                     |  32|   0|   32|          0|
    |mux_case_2261853_fu_344                                     |  32|   0|   32|          0|
    |mux_case_2290_fu_120                                        |  32|   0|   32|          0|
    |mux_case_3208383_fu_156                                     |  32|   0|   32|          0|
    |mux_case_3217463_fu_188                                     |  32|   0|   32|          0|
    |mux_case_3226543_fu_220                                     |  32|   0|   32|          0|
    |mux_case_3235623_fu_252                                     |  32|   0|   32|          0|
    |mux_case_3244703_fu_284                                     |  32|   0|   32|          0|
    |mux_case_3253783_fu_316                                     |  32|   0|   32|          0|
    |mux_case_3262863_fu_348                                     |  32|   0|   32|          0|
    |mux_case_3300_fu_124                                        |  32|   0|   32|          0|
    |mux_case_4209393_fu_160                                     |  32|   0|   32|          0|
    |mux_case_4218473_fu_192                                     |  32|   0|   32|          0|
    |mux_case_4227553_fu_224                                     |  32|   0|   32|          0|
    |mux_case_4236633_fu_256                                     |  32|   0|   32|          0|
    |mux_case_4245713_fu_288                                     |  32|   0|   32|          0|
    |mux_case_4254793_fu_320                                     |  32|   0|   32|          0|
    |mux_case_4263873_fu_352                                     |  32|   0|   32|          0|
    |mux_case_4310_fu_128                                        |  32|   0|   32|          0|
    |mux_case_5210403_fu_164                                     |  32|   0|   32|          0|
    |mux_case_5219483_fu_196                                     |  32|   0|   32|          0|
    |mux_case_5228563_fu_228                                     |  32|   0|   32|          0|
    |mux_case_5237643_fu_260                                     |  32|   0|   32|          0|
    |mux_case_5246723_fu_292                                     |  32|   0|   32|          0|
    |mux_case_5255803_fu_324                                     |  32|   0|   32|          0|
    |mux_case_5264883_fu_356                                     |  32|   0|   32|          0|
    |mux_case_5320_fu_132                                        |  32|   0|   32|          0|
    |mux_case_6211413_fu_168                                     |  32|   0|   32|          0|
    |mux_case_6220493_fu_200                                     |  32|   0|   32|          0|
    |mux_case_6229573_fu_232                                     |  32|   0|   32|          0|
    |mux_case_6238653_fu_264                                     |  32|   0|   32|          0|
    |mux_case_6247733_fu_296                                     |  32|   0|   32|          0|
    |mux_case_6256813_fu_328                                     |  32|   0|   32|          0|
    |mux_case_6265893_fu_360                                     |  32|   0|   32|          0|
    |mux_case_6330_fu_136                                        |  32|   0|   32|          0|
    |mux_case_7212423_fu_172                                     |  32|   0|   32|          0|
    |mux_case_7221503_fu_204                                     |  32|   0|   32|          0|
    |mux_case_7230583_fu_236                                     |  32|   0|   32|          0|
    |mux_case_7239663_fu_268                                     |  32|   0|   32|          0|
    |mux_case_7248743_fu_300                                     |  32|   0|   32|          0|
    |mux_case_7257823_fu_332                                     |  32|   0|   32|          0|
    |mux_case_7266903_fu_364                                     |  32|   0|   32|          0|
    |mux_case_7340_fu_140                                        |  32|   0|   32|          0|
    |trunc_ln3_reg_1716                                          |  62|   0|   62|          0|
    |trunc_ln42_reg_1711                                         |   3|   0|    3|          0|
    |trunc_ln70_1_reg_2056                                       |  62|   0|   62|          0|
    |trunc_ln_reg_2051                                           |  62|   0|   62|          0|
    |v0_read_reg_1703                                            |  64|   0|   64|          0|
    |v1_read_reg_1698                                            |  64|   0|   64|          0|
    |v26_reg_2046                                                |   1|   0|    1|          0|
    |v2_read_reg_1693                                            |  64|   0|   64|          0|
    |v4_read_reg_1683                                            |  64|   0|   64|          0|
    +------------------------------------------------------------+----+----+-----+-----------+
    |Total                                                       |2511|   0| 2511|          0|
    +------------------------------------------------------------+----+----+-----+-----------+



================================================================
== Interface
================================================================
* Summary: 
+-----------------------+-----+-----+------------+--------------+--------------+
|       RTL Ports       | Dir | Bits|  Protocol  | Source Object|    C Type    |
+-----------------------+-----+-----+------------+--------------+--------------+
|s_axi_control_AWVALID  |   in|    1|       s_axi|       control|        scalar|
|s_axi_control_AWREADY  |  out|    1|       s_axi|       control|        scalar|
|s_axi_control_AWADDR   |   in|    6|       s_axi|       control|        scalar|
|s_axi_control_WVALID   |   in|    1|       s_axi|       control|        scalar|
|s_axi_control_WREADY   |  out|    1|       s_axi|       control|        scalar|
|s_axi_control_WDATA    |   in|   32|       s_axi|       control|        scalar|
|s_axi_control_WSTRB    |   in|    4|       s_axi|       control|        scalar|
|s_axi_control_ARVALID  |   in|    1|       s_axi|       control|        scalar|
|s_axi_control_ARREADY  |  out|    1|       s_axi|       control|        scalar|
|s_axi_control_ARADDR   |   in|    6|       s_axi|       control|        scalar|
|s_axi_control_RVALID   |  out|    1|       s_axi|       control|        scalar|
|s_axi_control_RREADY   |   in|    1|       s_axi|       control|        scalar|
|s_axi_control_RDATA    |  out|   32|       s_axi|       control|        scalar|
|s_axi_control_RRESP    |  out|    2|       s_axi|       control|        scalar|
|s_axi_control_BVALID   |  out|    1|       s_axi|       control|        scalar|
|s_axi_control_BREADY   |   in|    1|       s_axi|       control|        scalar|
|s_axi_control_BRESP    |  out|    2|       s_axi|       control|        scalar|
|ap_clk                 |   in|    1|  ap_ctrl_hs|     gemm_fp32|  return value|
|ap_rst_n               |   in|    1|  ap_ctrl_hs|     gemm_fp32|  return value|
|ap_start               |   in|    1|  ap_ctrl_hs|     gemm_fp32|  return value|
|ap_done                |  out|    1|  ap_ctrl_hs|     gemm_fp32|  return value|
|ap_idle                |  out|    1|  ap_ctrl_hs|     gemm_fp32|  return value|
|ap_ready               |  out|    1|  ap_ctrl_hs|     gemm_fp32|  return value|
|m_axi_gmem0_AWVALID    |  out|    1|       m_axi|         gmem0|       pointer|
|m_axi_gmem0_AWREADY    |   in|    1|       m_axi|         gmem0|       pointer|
|m_axi_gmem0_AWADDR     |  out|   64|       m_axi|         gmem0|       pointer|
|m_axi_gmem0_AWID       |  out|    1|       m_axi|         gmem0|       pointer|
|m_axi_gmem0_AWLEN      |  out|    8|       m_axi|         gmem0|       pointer|
|m_axi_gmem0_AWSIZE     |  out|    3|       m_axi|         gmem0|       pointer|
|m_axi_gmem0_AWBURST    |  out|    2|       m_axi|         gmem0|       pointer|
|m_axi_gmem0_AWLOCK     |  out|    2|       m_axi|         gmem0|       pointer|
|m_axi_gmem0_AWCACHE    |  out|    4|       m_axi|         gmem0|       pointer|
|m_axi_gmem0_AWPROT     |  out|    3|       m_axi|         gmem0|       pointer|
|m_axi_gmem0_AWQOS      |  out|    4|       m_axi|         gmem0|       pointer|
|m_axi_gmem0_AWREGION   |  out|    4|       m_axi|         gmem0|       pointer|
|m_axi_gmem0_AWUSER     |  out|    1|       m_axi|         gmem0|       pointer|
|m_axi_gmem0_WVALID     |  out|    1|       m_axi|         gmem0|       pointer|
|m_axi_gmem0_WREADY     |   in|    1|       m_axi|         gmem0|       pointer|
|m_axi_gmem0_WDATA      |  out|   32|       m_axi|         gmem0|       pointer|
|m_axi_gmem0_WSTRB      |  out|    4|       m_axi|         gmem0|       pointer|
|m_axi_gmem0_WLAST      |  out|    1|       m_axi|         gmem0|       pointer|
|m_axi_gmem0_WID        |  out|    1|       m_axi|         gmem0|       pointer|
|m_axi_gmem0_WUSER      |  out|    1|       m_axi|         gmem0|       pointer|
|m_axi_gmem0_ARVALID    |  out|    1|       m_axi|         gmem0|       pointer|
|m_axi_gmem0_ARREADY    |   in|    1|       m_axi|         gmem0|       pointer|
|m_axi_gmem0_ARADDR     |  out|   64|       m_axi|         gmem0|       pointer|
|m_axi_gmem0_ARID       |  out|    1|       m_axi|         gmem0|       pointer|
|m_axi_gmem0_ARLEN      |  out|    8|       m_axi|         gmem0|       pointer|
|m_axi_gmem0_ARSIZE     |  out|    3|       m_axi|         gmem0|       pointer|
|m_axi_gmem0_ARBURST    |  out|    2|       m_axi|         gmem0|       pointer|
|m_axi_gmem0_ARLOCK     |  out|    2|       m_axi|         gmem0|       pointer|
|m_axi_gmem0_ARCACHE    |  out|    4|       m_axi|         gmem0|       pointer|
|m_axi_gmem0_ARPROT     |  out|    3|       m_axi|         gmem0|       pointer|
|m_axi_gmem0_ARQOS      |  out|    4|       m_axi|         gmem0|       pointer|
|m_axi_gmem0_ARREGION   |  out|    4|       m_axi|         gmem0|       pointer|
|m_axi_gmem0_ARUSER     |  out|    1|       m_axi|         gmem0|       pointer|
|m_axi_gmem0_RVALID     |   in|    1|       m_axi|         gmem0|       pointer|
|m_axi_gmem0_RREADY     |  out|    1|       m_axi|         gmem0|       pointer|
|m_axi_gmem0_RDATA      |   in|   32|       m_axi|         gmem0|       pointer|
|m_axi_gmem0_RLAST      |   in|    1|       m_axi|         gmem0|       pointer|
|m_axi_gmem0_RID        |   in|    1|       m_axi|         gmem0|       pointer|
|m_axi_gmem0_RUSER      |   in|    1|       m_axi|         gmem0|       pointer|
|m_axi_gmem0_RRESP      |   in|    2|       m_axi|         gmem0|       pointer|
|m_axi_gmem0_BVALID     |   in|    1|       m_axi|         gmem0|       pointer|
|m_axi_gmem0_BREADY     |  out|    1|       m_axi|         gmem0|       pointer|
|m_axi_gmem0_BRESP      |   in|    2|       m_axi|         gmem0|       pointer|
|m_axi_gmem0_BID        |   in|    1|       m_axi|         gmem0|       pointer|
|m_axi_gmem0_BUSER      |   in|    1|       m_axi|         gmem0|       pointer|
|m_axi_gmem1_AWVALID    |  out|    1|       m_axi|         gmem1|       pointer|
|m_axi_gmem1_AWREADY    |   in|    1|       m_axi|         gmem1|       pointer|
|m_axi_gmem1_AWADDR     |  out|   64|       m_axi|         gmem1|       pointer|
|m_axi_gmem1_AWID       |  out|    1|       m_axi|         gmem1|       pointer|
|m_axi_gmem1_AWLEN      |  out|    8|       m_axi|         gmem1|       pointer|
|m_axi_gmem1_AWSIZE     |  out|    3|       m_axi|         gmem1|       pointer|
|m_axi_gmem1_AWBURST    |  out|    2|       m_axi|         gmem1|       pointer|
|m_axi_gmem1_AWLOCK     |  out|    2|       m_axi|         gmem1|       pointer|
|m_axi_gmem1_AWCACHE    |  out|    4|       m_axi|         gmem1|       pointer|
|m_axi_gmem1_AWPROT     |  out|    3|       m_axi|         gmem1|       pointer|
|m_axi_gmem1_AWQOS      |  out|    4|       m_axi|         gmem1|       pointer|
|m_axi_gmem1_AWREGION   |  out|    4|       m_axi|         gmem1|       pointer|
|m_axi_gmem1_AWUSER     |  out|    1|       m_axi|         gmem1|       pointer|
|m_axi_gmem1_WVALID     |  out|    1|       m_axi|         gmem1|       pointer|
|m_axi_gmem1_WREADY     |   in|    1|       m_axi|         gmem1|       pointer|
|m_axi_gmem1_WDATA      |  out|   32|       m_axi|         gmem1|       pointer|
|m_axi_gmem1_WSTRB      |  out|    4|       m_axi|         gmem1|       pointer|
|m_axi_gmem1_WLAST      |  out|    1|       m_axi|         gmem1|       pointer|
|m_axi_gmem1_WID        |  out|    1|       m_axi|         gmem1|       pointer|
|m_axi_gmem1_WUSER      |  out|    1|       m_axi|         gmem1|       pointer|
|m_axi_gmem1_ARVALID    |  out|    1|       m_axi|         gmem1|       pointer|
|m_axi_gmem1_ARREADY    |   in|    1|       m_axi|         gmem1|       pointer|
|m_axi_gmem1_ARADDR     |  out|   64|       m_axi|         gmem1|       pointer|
|m_axi_gmem1_ARID       |  out|    1|       m_axi|         gmem1|       pointer|
|m_axi_gmem1_ARLEN      |  out|    8|       m_axi|         gmem1|       pointer|
|m_axi_gmem1_ARSIZE     |  out|    3|       m_axi|         gmem1|       pointer|
|m_axi_gmem1_ARBURST    |  out|    2|       m_axi|         gmem1|       pointer|
|m_axi_gmem1_ARLOCK     |  out|    2|       m_axi|         gmem1|       pointer|
|m_axi_gmem1_ARCACHE    |  out|    4|       m_axi|         gmem1|       pointer|
|m_axi_gmem1_ARPROT     |  out|    3|       m_axi|         gmem1|       pointer|
|m_axi_gmem1_ARQOS      |  out|    4|       m_axi|         gmem1|       pointer|
|m_axi_gmem1_ARREGION   |  out|    4|       m_axi|         gmem1|       pointer|
|m_axi_gmem1_ARUSER     |  out|    1|       m_axi|         gmem1|       pointer|
|m_axi_gmem1_RVALID     |   in|    1|       m_axi|         gmem1|       pointer|
|m_axi_gmem1_RREADY     |  out|    1|       m_axi|         gmem1|       pointer|
|m_axi_gmem1_RDATA      |   in|   32|       m_axi|         gmem1|       pointer|
|m_axi_gmem1_RLAST      |   in|    1|       m_axi|         gmem1|       pointer|
|m_axi_gmem1_RID        |   in|    1|       m_axi|         gmem1|       pointer|
|m_axi_gmem1_RUSER      |   in|    1|       m_axi|         gmem1|       pointer|
|m_axi_gmem1_RRESP      |   in|    2|       m_axi|         gmem1|       pointer|
|m_axi_gmem1_BVALID     |   in|    1|       m_axi|         gmem1|       pointer|
|m_axi_gmem1_BREADY     |  out|    1|       m_axi|         gmem1|       pointer|
|m_axi_gmem1_BRESP      |   in|    2|       m_axi|         gmem1|       pointer|
|m_axi_gmem1_BID        |   in|    1|       m_axi|         gmem1|       pointer|
|m_axi_gmem1_BUSER      |   in|    1|       m_axi|         gmem1|       pointer|
|m_axi_gmem2_AWVALID    |  out|    1|       m_axi|         gmem2|       pointer|
|m_axi_gmem2_AWREADY    |   in|    1|       m_axi|         gmem2|       pointer|
|m_axi_gmem2_AWADDR     |  out|   64|       m_axi|         gmem2|       pointer|
|m_axi_gmem2_AWID       |  out|    1|       m_axi|         gmem2|       pointer|
|m_axi_gmem2_AWLEN      |  out|    8|       m_axi|         gmem2|       pointer|
|m_axi_gmem2_AWSIZE     |  out|    3|       m_axi|         gmem2|       pointer|
|m_axi_gmem2_AWBURST    |  out|    2|       m_axi|         gmem2|       pointer|
|m_axi_gmem2_AWLOCK     |  out|    2|       m_axi|         gmem2|       pointer|
|m_axi_gmem2_AWCACHE    |  out|    4|       m_axi|         gmem2|       pointer|
|m_axi_gmem2_AWPROT     |  out|    3|       m_axi|         gmem2|       pointer|
|m_axi_gmem2_AWQOS      |  out|    4|       m_axi|         gmem2|       pointer|
|m_axi_gmem2_AWREGION   |  out|    4|       m_axi|         gmem2|       pointer|
|m_axi_gmem2_AWUSER     |  out|    1|       m_axi|         gmem2|       pointer|
|m_axi_gmem2_WVALID     |  out|    1|       m_axi|         gmem2|       pointer|
|m_axi_gmem2_WREADY     |   in|    1|       m_axi|         gmem2|       pointer|
|m_axi_gmem2_WDATA      |  out|   32|       m_axi|         gmem2|       pointer|
|m_axi_gmem2_WSTRB      |  out|    4|       m_axi|         gmem2|       pointer|
|m_axi_gmem2_WLAST      |  out|    1|       m_axi|         gmem2|       pointer|
|m_axi_gmem2_WID        |  out|    1|       m_axi|         gmem2|       pointer|
|m_axi_gmem2_WUSER      |  out|    1|       m_axi|         gmem2|       pointer|
|m_axi_gmem2_ARVALID    |  out|    1|       m_axi|         gmem2|       pointer|
|m_axi_gmem2_ARREADY    |   in|    1|       m_axi|         gmem2|       pointer|
|m_axi_gmem2_ARADDR     |  out|   64|       m_axi|         gmem2|       pointer|
|m_axi_gmem2_ARID       |  out|    1|       m_axi|         gmem2|       pointer|
|m_axi_gmem2_ARLEN      |  out|    8|       m_axi|         gmem2|       pointer|
|m_axi_gmem2_ARSIZE     |  out|    3|       m_axi|         gmem2|       pointer|
|m_axi_gmem2_ARBURST    |  out|    2|       m_axi|         gmem2|       pointer|
|m_axi_gmem2_ARLOCK     |  out|    2|       m_axi|         gmem2|       pointer|
|m_axi_gmem2_ARCACHE    |  out|    4|       m_axi|         gmem2|       pointer|
|m_axi_gmem2_ARPROT     |  out|    3|       m_axi|         gmem2|       pointer|
|m_axi_gmem2_ARQOS      |  out|    4|       m_axi|         gmem2|       pointer|
|m_axi_gmem2_ARREGION   |  out|    4|       m_axi|         gmem2|       pointer|
|m_axi_gmem2_ARUSER     |  out|    1|       m_axi|         gmem2|       pointer|
|m_axi_gmem2_RVALID     |   in|    1|       m_axi|         gmem2|       pointer|
|m_axi_gmem2_RREADY     |  out|    1|       m_axi|         gmem2|       pointer|
|m_axi_gmem2_RDATA      |   in|   32|       m_axi|         gmem2|       pointer|
|m_axi_gmem2_RLAST      |   in|    1|       m_axi|         gmem2|       pointer|
|m_axi_gmem2_RID        |   in|    1|       m_axi|         gmem2|       pointer|
|m_axi_gmem2_RUSER      |   in|    1|       m_axi|         gmem2|       pointer|
|m_axi_gmem2_RRESP      |   in|    2|       m_axi|         gmem2|       pointer|
|m_axi_gmem2_BVALID     |   in|    1|       m_axi|         gmem2|       pointer|
|m_axi_gmem2_BREADY     |  out|    1|       m_axi|         gmem2|       pointer|
|m_axi_gmem2_BRESP      |   in|    2|       m_axi|         gmem2|       pointer|
|m_axi_gmem2_BID        |   in|    1|       m_axi|         gmem2|       pointer|
|m_axi_gmem2_BUSER      |   in|    1|       m_axi|         gmem2|       pointer|
|m_axi_gmem3_AWVALID    |  out|    1|       m_axi|         gmem3|       pointer|
|m_axi_gmem3_AWREADY    |   in|    1|       m_axi|         gmem3|       pointer|
|m_axi_gmem3_AWADDR     |  out|   64|       m_axi|         gmem3|       pointer|
|m_axi_gmem3_AWID       |  out|    1|       m_axi|         gmem3|       pointer|
|m_axi_gmem3_AWLEN      |  out|    8|       m_axi|         gmem3|       pointer|
|m_axi_gmem3_AWSIZE     |  out|    3|       m_axi|         gmem3|       pointer|
|m_axi_gmem3_AWBURST    |  out|    2|       m_axi|         gmem3|       pointer|
|m_axi_gmem3_AWLOCK     |  out|    2|       m_axi|         gmem3|       pointer|
|m_axi_gmem3_AWCACHE    |  out|    4|       m_axi|         gmem3|       pointer|
|m_axi_gmem3_AWPROT     |  out|    3|       m_axi|         gmem3|       pointer|
|m_axi_gmem3_AWQOS      |  out|    4|       m_axi|         gmem3|       pointer|
|m_axi_gmem3_AWREGION   |  out|    4|       m_axi|         gmem3|       pointer|
|m_axi_gmem3_AWUSER     |  out|    1|       m_axi|         gmem3|       pointer|
|m_axi_gmem3_WVALID     |  out|    1|       m_axi|         gmem3|       pointer|
|m_axi_gmem3_WREADY     |   in|    1|       m_axi|         gmem3|       pointer|
|m_axi_gmem3_WDATA      |  out|   32|       m_axi|         gmem3|       pointer|
|m_axi_gmem3_WSTRB      |  out|    4|       m_axi|         gmem3|       pointer|
|m_axi_gmem3_WLAST      |  out|    1|       m_axi|         gmem3|       pointer|
|m_axi_gmem3_WID        |  out|    1|       m_axi|         gmem3|       pointer|
|m_axi_gmem3_WUSER      |  out|    1|       m_axi|         gmem3|       pointer|
|m_axi_gmem3_ARVALID    |  out|    1|       m_axi|         gmem3|       pointer|
|m_axi_gmem3_ARREADY    |   in|    1|       m_axi|         gmem3|       pointer|
|m_axi_gmem3_ARADDR     |  out|   64|       m_axi|         gmem3|       pointer|
|m_axi_gmem3_ARID       |  out|    1|       m_axi|         gmem3|       pointer|
|m_axi_gmem3_ARLEN      |  out|    8|       m_axi|         gmem3|       pointer|
|m_axi_gmem3_ARSIZE     |  out|    3|       m_axi|         gmem3|       pointer|
|m_axi_gmem3_ARBURST    |  out|    2|       m_axi|         gmem3|       pointer|
|m_axi_gmem3_ARLOCK     |  out|    2|       m_axi|         gmem3|       pointer|
|m_axi_gmem3_ARCACHE    |  out|    4|       m_axi|         gmem3|       pointer|
|m_axi_gmem3_ARPROT     |  out|    3|       m_axi|         gmem3|       pointer|
|m_axi_gmem3_ARQOS      |  out|    4|       m_axi|         gmem3|       pointer|
|m_axi_gmem3_ARREGION   |  out|    4|       m_axi|         gmem3|       pointer|
|m_axi_gmem3_ARUSER     |  out|    1|       m_axi|         gmem3|       pointer|
|m_axi_gmem3_RVALID     |   in|    1|       m_axi|         gmem3|       pointer|
|m_axi_gmem3_RREADY     |  out|    1|       m_axi|         gmem3|       pointer|
|m_axi_gmem3_RDATA      |   in|   32|       m_axi|         gmem3|       pointer|
|m_axi_gmem3_RLAST      |   in|    1|       m_axi|         gmem3|       pointer|
|m_axi_gmem3_RID        |   in|    1|       m_axi|         gmem3|       pointer|
|m_axi_gmem3_RUSER      |   in|    1|       m_axi|         gmem3|       pointer|
|m_axi_gmem3_RRESP      |   in|    2|       m_axi|         gmem3|       pointer|
|m_axi_gmem3_BVALID     |   in|    1|       m_axi|         gmem3|       pointer|
|m_axi_gmem3_BREADY     |  out|    1|       m_axi|         gmem3|       pointer|
|m_axi_gmem3_BRESP      |   in|    2|       m_axi|         gmem3|       pointer|
|m_axi_gmem3_BID        |   in|    1|       m_axi|         gmem3|       pointer|
|m_axi_gmem3_BUSER      |   in|    1|       m_axi|         gmem3|       pointer|
|v3                     |   in|    8|     ap_none|            v3|        scalar|
+-----------------------+-----+-----+------------+--------------+--------------+

